###############################################################################
#
# IAR ELF Linker V7.40.7.9843/W32 for ARM                 09/Dec/2015  19:29:00
# Copyright 2007-2015 IAR Systems AB.
#
#    Output file  =  
#        C:\Users\Hannes\Documents\GitHub\Quadcopter\QuadroHT15_v2-1\EWARM\QuadroHT15_v2-1
#        Configuration\Exe\QuadroHT15_v2-1 Configuration.out
#    Map file     =  
#        C:\Users\Hannes\Documents\GitHub\Quadcopter\QuadroHT15_v2-1\EWARM\QuadroHT15_v2-1
#        Configuration\List\QuadroHT15_v2-1 Configuration.map
#    Command line =  
#        "C:\Users\Hannes\Documents\GitHub\Quadcopter\QuadroHT15_v2-1\EWARM\QuadroHT15_v2-1
#        Configuration\Obj\analys.o"
#        "C:\Users\Hannes\Documents\GitHub\Quadcopter\QuadroHT15_v2-1\EWARM\QuadroHT15_v2-1
#        Configuration\Obj\cmsis_os.o"
#        "C:\Users\Hannes\Documents\GitHub\Quadcopter\QuadroHT15_v2-1\EWARM\QuadroHT15_v2-1
#        Configuration\Obj\controlThread.o"
#        "C:\Users\Hannes\Documents\GitHub\Quadcopter\QuadroHT15_v2-1\EWARM\QuadroHT15_v2-1
#        Configuration\Obj\croutine.o"
#        "C:\Users\Hannes\Documents\GitHub\Quadcopter\QuadroHT15_v2-1\EWARM\QuadroHT15_v2-1
#        Configuration\Obj\freertos.o"
#        "C:\Users\Hannes\Documents\GitHub\Quadcopter\QuadroHT15_v2-1\EWARM\QuadroHT15_v2-1
#        Configuration\Obj\heap_4.o"
#        "C:\Users\Hannes\Documents\GitHub\Quadcopter\QuadroHT15_v2-1\EWARM\QuadroHT15_v2-1
#        Configuration\Obj\list.o"
#        "C:\Users\Hannes\Documents\GitHub\Quadcopter\QuadroHT15_v2-1\EWARM\QuadroHT15_v2-1
#        Configuration\Obj\main.o"
#        "C:\Users\Hannes\Documents\GitHub\Quadcopter\QuadroHT15_v2-1\EWARM\QuadroHT15_v2-1
#        Configuration\Obj\port.o"
#        "C:\Users\Hannes\Documents\GitHub\Quadcopter\QuadroHT15_v2-1\EWARM\QuadroHT15_v2-1
#        Configuration\Obj\portasm.o"
#        "C:\Users\Hannes\Documents\GitHub\Quadcopter\QuadroHT15_v2-1\EWARM\QuadroHT15_v2-1
#        Configuration\Obj\pwmIn.o"
#        "C:\Users\Hannes\Documents\GitHub\Quadcopter\QuadroHT15_v2-1\EWARM\QuadroHT15_v2-1
#        Configuration\Obj\queue.o"
#        "C:\Users\Hannes\Documents\GitHub\Quadcopter\QuadroHT15_v2-1\EWARM\QuadroHT15_v2-1
#        Configuration\Obj\StartReglerTask.o"
#        "C:\Users\Hannes\Documents\GitHub\Quadcopter\QuadroHT15_v2-1\EWARM\QuadroHT15_v2-1
#        Configuration\Obj\startup_stm32f303xc.o"
#        "C:\Users\Hannes\Documents\GitHub\Quadcopter\QuadroHT15_v2-1\EWARM\QuadroHT15_v2-1
#        Configuration\Obj\stm32f3xx_hal.o"
#        "C:\Users\Hannes\Documents\GitHub\Quadcopter\QuadroHT15_v2-1\EWARM\QuadroHT15_v2-1
#        Configuration\Obj\stm32f3xx_hal_cortex.o"
#        "C:\Users\Hannes\Documents\GitHub\Quadcopter\QuadroHT15_v2-1\EWARM\QuadroHT15_v2-1
#        Configuration\Obj\stm32f3xx_hal_dma.o"
#        "C:\Users\Hannes\Documents\GitHub\Quadcopter\QuadroHT15_v2-1\EWARM\QuadroHT15_v2-1
#        Configuration\Obj\stm32f3xx_hal_flash.o"
#        "C:\Users\Hannes\Documents\GitHub\Quadcopter\QuadroHT15_v2-1\EWARM\QuadroHT15_v2-1
#        Configuration\Obj\stm32f3xx_hal_flash_ex.o"
#        "C:\Users\Hannes\Documents\GitHub\Quadcopter\QuadroHT15_v2-1\EWARM\QuadroHT15_v2-1
#        Configuration\Obj\stm32f3xx_hal_gpio.o"
#        "C:\Users\Hannes\Documents\GitHub\Quadcopter\QuadroHT15_v2-1\EWARM\QuadroHT15_v2-1
#        Configuration\Obj\stm32f3xx_hal_msp.o"
#        "C:\Users\Hannes\Documents\GitHub\Quadcopter\QuadroHT15_v2-1\EWARM\QuadroHT15_v2-1
#        Configuration\Obj\stm32f3xx_hal_pcd.o"
#        "C:\Users\Hannes\Documents\GitHub\Quadcopter\QuadroHT15_v2-1\EWARM\QuadroHT15_v2-1
#        Configuration\Obj\stm32f3xx_hal_pcd_ex.o"
#        "C:\Users\Hannes\Documents\GitHub\Quadcopter\QuadroHT15_v2-1\EWARM\QuadroHT15_v2-1
#        Configuration\Obj\stm32f3xx_hal_pwr.o"
#        "C:\Users\Hannes\Documents\GitHub\Quadcopter\QuadroHT15_v2-1\EWARM\QuadroHT15_v2-1
#        Configuration\Obj\stm32f3xx_hal_pwr_ex.o"
#        "C:\Users\Hannes\Documents\GitHub\Quadcopter\QuadroHT15_v2-1\EWARM\QuadroHT15_v2-1
#        Configuration\Obj\stm32f3xx_hal_rcc.o"
#        "C:\Users\Hannes\Documents\GitHub\Quadcopter\QuadroHT15_v2-1\EWARM\QuadroHT15_v2-1
#        Configuration\Obj\stm32f3xx_hal_rcc_ex.o"
#        "C:\Users\Hannes\Documents\GitHub\Quadcopter\QuadroHT15_v2-1\EWARM\QuadroHT15_v2-1
#        Configuration\Obj\stm32f3xx_hal_spi.o"
#        "C:\Users\Hannes\Documents\GitHub\Quadcopter\QuadroHT15_v2-1\EWARM\QuadroHT15_v2-1
#        Configuration\Obj\stm32f3xx_hal_tim.o"
#        "C:\Users\Hannes\Documents\GitHub\Quadcopter\QuadroHT15_v2-1\EWARM\QuadroHT15_v2-1
#        Configuration\Obj\stm32f3xx_hal_tim_ex.o"
#        "C:\Users\Hannes\Documents\GitHub\Quadcopter\QuadroHT15_v2-1\EWARM\QuadroHT15_v2-1
#        Configuration\Obj\stm32f3xx_hal_uart.o"
#        "C:\Users\Hannes\Documents\GitHub\Quadcopter\QuadroHT15_v2-1\EWARM\QuadroHT15_v2-1
#        Configuration\Obj\stm32f3xx_hal_uart_ex.o"
#        "C:\Users\Hannes\Documents\GitHub\Quadcopter\QuadroHT15_v2-1\EWARM\QuadroHT15_v2-1
#        Configuration\Obj\stm32f3xx_it.o"
#        "C:\Users\Hannes\Documents\GitHub\Quadcopter\QuadroHT15_v2-1\EWARM\QuadroHT15_v2-1
#        Configuration\Obj\system_stm32f3xx.o"
#        "C:\Users\Hannes\Documents\GitHub\Quadcopter\QuadroHT15_v2-1\EWARM\QuadroHT15_v2-1
#        Configuration\Obj\systemInit.o"
#        "C:\Users\Hannes\Documents\GitHub\Quadcopter\QuadroHT15_v2-1\EWARM\QuadroHT15_v2-1
#        Configuration\Obj\tasks.o"
#        "C:\Users\Hannes\Documents\GitHub\Quadcopter\QuadroHT15_v2-1\EWARM\QuadroHT15_v2-1
#        Configuration\Obj\timers.o" --redirect _Printf=_PrintfFull --redirect
#        _Scanf=_ScanfFull -o
#        "C:\Users\Hannes\Documents\GitHub\Quadcopter\QuadroHT15_v2-1\EWARM\QuadroHT15_v2-1
#        Configuration\Exe\QuadroHT15_v2-1 Configuration.out" --map
#        "C:\Users\Hannes\Documents\GitHub\Quadcopter\QuadroHT15_v2-1\EWARM\QuadroHT15_v2-1
#        Configuration\List\QuadroHT15_v2-1 Configuration.map" --config
#        C:\Users\Hannes\Documents\GitHub\Quadcopter\QuadroHT15_v2-1\EWARM/stm32f303xc_flash.icf
#        --semihosting --entry __iar_program_start --vfe
#
###############################################################################

*******************************************************************************
*** RUNTIME MODEL ATTRIBUTES
***

CppFlavor       = *
__SystemLibrary = DLib


*******************************************************************************
*** PLACEMENT SUMMARY
***

"A1":  place at 0x08000000 { ro section .intvec };
"P1":  place in [from 0x08000000 to 0x0803ffff] { ro };
"P2":  place in [from 0x20000000 to 0x20009fff] { rw, block CSTACK, block HEAP };

  Section             Kind        Address    Size  Object
  -------             ----        -------    ----  ------
"A1":                                       0x188
  .intvec             ro code  0x08000000   0x188  startup_stm32f303xc.o [1]
                             - 0x08000188   0x188

"P1":                                      0x70a8
  .text               ro code  0x08000188   0xb44  systemInit.o [1]
  .text               ro code  0x08000ccc   0x934  stm32f3xx_hal_rcc_ex.o [1]
  .text               ro code  0x08001600   0x3e0  stm32f3xx_hal_rcc.o [1]
  .text               ro code  0x080019e0   0x160  stm32f3xx_hal_cortex.o [1]
  .text               ro code  0x08001b40   0x724  stm32f3xx_hal_spi.o [1]
  .text               ro code  0x08002264   0x9ce  stm32f3xx_hal_tim.o [1]
  .rodata             const    0x08002c32     0x2  heap_4.o [1]
  .text               ro code  0x08002c34   0x2d0  stm32f3xx_hal_tim_ex.o [1]
  .text               ro code  0x08002f04   0x634  stm32f3xx_hal_uart.o [1]
  .text               ro code  0x08003538    0xfa  stm32f3xx_hal_pcd.o [1]
  .rodata             const    0x08003632     0x1  controlThread.o [1]
  .text               ro code  0x08003634   0x210  stm32f3xx_hal_gpio.o [1]
  .text               ro code  0x08003844    0x50  stm32f3xx_hal.o [1]
  .text               ro code  0x08003894   0x280  stm32f3xx_hal_msp.o [1]
  .text               ro code  0x08003b14   0x20c  pwmIn.o [1]
  .text               ro code  0x08003d20   0x38a  cmsis_os.o [1]
  .text               ro code  0x080040ac    0x30  I32ToDbl.o [4]
  .text               ro code  0x080040dc    0xe8  DblAdd.o [4]
  .text               ro code  0x080041c4    0x90  DblToFlt.o [4]
  .text               ro code  0x08004254   0x9c0  tasks.o [1]
  .text               ro code  0x08004c14   0x218  heap_4.o [1]
  CODE                ro code  0x08004e2c    0x9c  portasm.o [1]
  .text               ro code  0x08004ec8   0x1c4  port.o [1]
  .text               ro code  0x0800508c   0x63e  queue.o [1]
  .text               ro code  0x080056cc   0x16c  DblSub.o [4]
  .text               ro code  0x08005838    0xa4  list.o [1]
  .text               ro code  0x080058dc    0x66  ABImemset.o [5]
  .text               ro code  0x08005944    0x76  ABImemcpy_unaligned.o [5]
  .text               ro code  0x080059bc   0xa88  controlThread.o [1]
  .text               ro code  0x08006444    0x4e  FltToDbl.o [4]
  .text               ro code  0x08006494   0x1a2  DblMul.o [4]
  .text               ro code  0x08006638   0x256  DblDiv.o [4]
  .text               ro code  0x08006890    0x4c  DblToI32.o [4]
  .text               ro code  0x080068dc   0x100  sqrt.o [4]
  .text               ro code  0x080069dc    0xc0  atan.o [4]
  .text               ro code  0x08006a9c     0xc  iarEdom.o [5]
  .text               ro code  0x08006aa8    0x2e  DblCmpLe.o [4]
  .text               ro code  0x08006ad8    0x2e  DblCmpGe.o [4]
  .text               ro code  0x08006b08   0x1f0  xatan.o [4]
  .text               ro code  0x08006cf8     0xc  errno.o [3]
  .text               ro code  0x08006d04     0x2  xtls.o [3]
  .text               ro code  0x08006d08    0x98  analys.o [1]
  .text               ro code  0x08006da0    0x98  system_stm32f3xx.o [1]
  .text               ro code  0x08006e38    0x94  main.o [1]
  .text               ro code  0x08006ecc    0x40  zero_init3.o [5]
  .text               ro code  0x08006f0c    0x30  stm32f3xx_it.o [1]
  .text               ro code  0x08006f3c    0x2c  copy_init3.o [5]
  .text               ro code  0x08006f68    0x28  data_init.o [5]
  .text               ro code  0x08006f90    0x22  fpinit_M.o [4]
  .iar.init_table     const    0x08006fb4    0x24  - Linker created -
  .text               ro code  0x08006fd8    0x1a  cmain.o [5]
  .text               ro code  0x08006ff2     0x4  low_level_init.o [3]
  .text               ro code  0x08006ff6     0x4  exit.o [3]
  .text               ro code  0x08006ffc     0xa  cexit.o [5]
  .text               ro code  0x08007008    0x14  exit.o [6]
  .rodata             const    0x0800701c    0x14  main.o [1]
  .rodata             const    0x08007030    0x14  main.o [1]
  .rodata             const    0x08007044    0x14  main.o [1]
  .rodata             const    0x08007058    0x10  stm32f3xx_hal_rcc.o [1]
  .rodata             const    0x08007068    0x10  stm32f3xx_hal_rcc_ex.o [1]
  .rodata             const    0x08007078    0x10  stm32f3xx_hal_rcc_ex.o [1]
  .text               ro code  0x08007088    0x10  startup_stm32f303xc.o [1]
  .rodata             const    0x08007098     0xc  main.o [1]
  .rodata             const    0x080070a4     0xc  main.o [1]
  .rodata             const    0x080070b0     0xc  main.o [1]
  .rodata             const    0x080070bc     0xc  main.o [1]
  .rodata             const    0x080070c8     0xc  main.o [1]
  .text               ro code  0x080070d4     0xc  cstartup_M.o [5]
  .rodata             const    0x080070e0     0x8  tasks.o [1]
  .rodata             const    0x080070e8     0x4  heap_4.o [1]
  .rodata             const    0x080070ec     0x4  port.o [1]
  .text               ro code  0x080070f0     0x4  startup_stm32f303xc.o [1]
  .text               ro code  0x080070f4     0x4  startup_stm32f303xc.o [1]
  .text               ro code  0x080070f8     0x4  startup_stm32f303xc.o [1]
  .text               ro code  0x080070fc     0x4  startup_stm32f303xc.o [1]
  .text               ro code  0x08007100     0x4  startup_stm32f303xc.o [1]
  .text               ro code  0x08007104     0x4  startup_stm32f303xc.o [1]
  .text               ro code  0x08007108     0x4  startup_stm32f303xc.o [1]
  .text               ro code  0x0800710c     0x4  startup_stm32f303xc.o [1]
  .text               ro code  0x08007110     0x4  startup_stm32f303xc.o [1]
  .text               ro code  0x08007114     0x4  startup_stm32f303xc.o [1]
  .text               ro code  0x08007118     0x4  startup_stm32f303xc.o [1]
  .text               ro code  0x0800711c     0x4  startup_stm32f303xc.o [1]
  .text               ro code  0x08007120     0x4  startup_stm32f303xc.o [1]
  .text               ro code  0x08007124     0x4  startup_stm32f303xc.o [1]
  .text               ro code  0x08007128     0x4  startup_stm32f303xc.o [1]
  .text               ro code  0x0800712c     0x4  startup_stm32f303xc.o [1]
  .text               ro code  0x08007130     0x4  startup_stm32f303xc.o [1]
  .text               ro code  0x08007134     0x4  startup_stm32f303xc.o [1]
  .text               ro code  0x08007138     0x4  startup_stm32f303xc.o [1]
  .text               ro code  0x0800713c     0x4  startup_stm32f303xc.o [1]
  .text               ro code  0x08007140     0x4  startup_stm32f303xc.o [1]
  .text               ro code  0x08007144     0x4  startup_stm32f303xc.o [1]
  .text               ro code  0x08007148     0x4  startup_stm32f303xc.o [1]
  .text               ro code  0x0800714c     0x4  startup_stm32f303xc.o [1]
  .text               ro code  0x08007150     0x4  startup_stm32f303xc.o [1]
  .text               ro code  0x08007154     0x4  startup_stm32f303xc.o [1]
  .text               ro code  0x08007158     0x4  startup_stm32f303xc.o [1]
  .text               ro code  0x0800715c     0x4  startup_stm32f303xc.o [1]
  .text               ro code  0x08007160     0x4  startup_stm32f303xc.o [1]
  .text               ro code  0x08007164     0x4  startup_stm32f303xc.o [1]
  .text               ro code  0x08007168     0x4  startup_stm32f303xc.o [1]
  .text               ro code  0x0800716c     0x4  startup_stm32f303xc.o [1]
  .text               ro code  0x08007170     0x4  startup_stm32f303xc.o [1]
  .text               ro code  0x08007174     0x4  startup_stm32f303xc.o [1]
  .text               ro code  0x08007178     0x4  startup_stm32f303xc.o [1]
  .text               ro code  0x0800717c     0x4  startup_stm32f303xc.o [1]
  .text               ro code  0x08007180     0x4  startup_stm32f303xc.o [1]
  .text               ro code  0x08007184     0x4  startup_stm32f303xc.o [1]
  .text               ro code  0x08007188     0x4  startup_stm32f303xc.o [1]
  .text               ro code  0x0800718c     0x4  startup_stm32f303xc.o [1]
  .text               ro code  0x08007190     0x4  startup_stm32f303xc.o [1]
  .text               ro code  0x08007194     0x4  startup_stm32f303xc.o [1]
  .text               ro code  0x08007198     0x4  startup_stm32f303xc.o [1]
  .text               ro code  0x0800719c     0x4  startup_stm32f303xc.o [1]
  .text               ro code  0x080071a0     0x4  startup_stm32f303xc.o [1]
  .text               ro code  0x080071a4     0x4  startup_stm32f303xc.o [1]
  .text               ro code  0x080071a8     0x4  startup_stm32f303xc.o [1]
  .text               ro code  0x080071ac     0x4  startup_stm32f303xc.o [1]
  .text               ro code  0x080071b0     0x4  startup_stm32f303xc.o [1]
  .text               ro code  0x080071b4     0x4  startup_stm32f303xc.o [1]
  .text               ro code  0x080071b8     0x4  startup_stm32f303xc.o [1]
  .text               ro code  0x080071bc     0x4  startup_stm32f303xc.o [1]
  .text               ro code  0x080071c0     0x4  startup_stm32f303xc.o [1]
  .text               ro code  0x080071c4     0x4  startup_stm32f303xc.o [1]
  .text               ro code  0x080071c8     0x4  startup_stm32f303xc.o [1]
  .text               ro code  0x080071cc     0x4  startup_stm32f303xc.o [1]
  .text               ro code  0x080071d0     0x4  startup_stm32f303xc.o [1]
  .text               ro code  0x080071d4     0x4  startup_stm32f303xc.o [1]
  .text               ro code  0x080071d8     0x4  startup_stm32f303xc.o [1]
  .text               ro code  0x080071dc     0x4  startup_stm32f303xc.o [1]
  .text               ro code  0x080071e0     0x4  startup_stm32f303xc.o [1]
  .text               ro code  0x080071e4     0x4  startup_stm32f303xc.o [1]
  .text               ro code  0x080071e8     0x4  startup_stm32f303xc.o [1]
  .text               ro code  0x080071ec     0x4  startup_stm32f303xc.o [1]
  .text               ro code  0x080071f0     0x4  startup_stm32f303xc.o [1]
  .text               ro code  0x080071f4     0x4  startup_stm32f303xc.o [1]
  .text               ro code  0x080071f8     0x4  startup_stm32f303xc.o [1]
  .text               ro code  0x080071fc     0x4  startup_stm32f303xc.o [1]
  .text               ro code  0x08007200     0x4  startup_stm32f303xc.o [1]
  .text               ro code  0x08007204     0x4  startup_stm32f303xc.o [1]
  .rodata             const    0x08007208     0x0  zero_init3.o [5]
  .rodata             const    0x08007208     0x0  copy_init3.o [5]
  Initializer bytes   const    0x08007208    0x28  <for P2 s0>
                             - 0x08007230  0x70a8

"P2":                                      0x21e0
  P2 s0                        0x20000000    0x28  <Init block>
    .data             inited   0x20000000     0x4  controlThread.o [1]
    .data             inited   0x20000004     0x4  controlThread.o [1]
    .data             inited   0x20000008     0x4  controlThread.o [1]
    .data             inited   0x2000000c     0x4  controlThread.o [1]
    .data             inited   0x20000010     0x4  controlThread.o [1]
    .data             inited   0x20000014     0x4  heap_4.o [1]
    .data             inited   0x20000018     0x4  port.o [1]
    .data             inited   0x2000001c     0x4  system_stm32f3xx.o [1]
    .data             inited   0x20000020     0x4  tasks.o [1]
    __DLIB_PERTHREAD  inited   0x20000024     0x4  errno.o [3]
  .bss                zero     0x20000028  0x1000  heap_4.o [1]
  .bss                zero     0x20001028   0x7d0  tasks.o [1]
  .bss                zero     0x200017f8   0x220  systemInit.o [1]
  .bss                zero     0x20001a18    0x6c  systemInit.o [1]
  .bss                zero     0x20001a84    0x6c  systemInit.o [1]
  .bss                zero     0x20001af0    0x60  systemInit.o [1]
  .bss                zero     0x20001b50    0x3c  systemInit.o [1]
  .bss                zero     0x20001b8c    0x3c  systemInit.o [1]
  .bss                zero     0x20001bc8    0x3c  systemInit.o [1]
  .bss                zero     0x20001c04    0x3c  systemInit.o [1]
  .bss                zero     0x20001c40    0x3c  systemInit.o [1]
  .bss                zero     0x20001c7c    0x20  controlThread.o [1]
  .bss                zero     0x20001c9c    0x20  controlThread.o [1]
  .bss                zero     0x20001cbc    0x1c  systemInit.o [1]
  .bss                zero     0x20001cd8    0x14  tasks.o [1]
  .bss                zero     0x20001cec    0x14  tasks.o [1]
  .bss                zero     0x20001d00    0x14  tasks.o [1]
  .bss                zero     0x20001d14    0x14  tasks.o [1]
  .bss                zero     0x20001d28    0x14  tasks.o [1]
  .bss                zero     0x20001d3c     0xc  analys.o [1]
  .bss                zero     0x20001d48     0x8  heap_4.o [1]
  .bss                zero     0x20001d50     0x4  controlThread.o [1]
  .bss                zero     0x20001d54     0x4  controlThread.o [1]
  .bss                zero     0x20001d58     0x4  controlThread.o [1]
  .bss                zero     0x20001d5c     0x4  controlThread.o [1]
  .bss                zero     0x20001d60     0x4  controlThread.o [1]
  .bss                zero     0x20001d64     0x4  heap_4.o [1]
  .bss                zero     0x20001d68     0x4  heap_4.o [1]
  .bss                zero     0x20001d6c     0x4  main.o [1]
  .bss                zero     0x20001d70     0x4  main.o [1]
  .bss                zero     0x20001d74     0x4  main.o [1]
  .bss                zero     0x20001d78     0x4  main.o [1]
  .bss                zero     0x20001d7c     0x4  main.o [1]
  .bss                zero     0x20001d80     0x4  main.o [1]
  .bss                zero     0x20001d84     0x4  main.o [1]
  .bss                zero     0x20001d88     0x4  port.o [1]
  .bss                zero     0x20001d8c     0x4  pwmIn.o [1]
  .bss                zero     0x20001d90     0x4  pwmIn.o [1]
  .bss                zero     0x20001d94     0x4  pwmIn.o [1]
  .bss                zero     0x20001d98     0x4  pwmIn.o [1]
  .bss                zero     0x20001d9c     0x4  pwmIn.o [1]
  .bss                zero     0x20001da0     0x4  stm32f3xx_hal.o [1]
  .bss                zero     0x20001da4     0x4  tasks.o [1]
  .bss                zero     0x20001da8     0x4  tasks.o [1]
  .bss                zero     0x20001dac     0x4  tasks.o [1]
  .bss                zero     0x20001db0     0x4  tasks.o [1]
  .bss                zero     0x20001db4     0x4  tasks.o [1]
  .bss                zero     0x20001db8     0x4  tasks.o [1]
  .bss                zero     0x20001dbc     0x4  tasks.o [1]
  .bss                zero     0x20001dc0     0x4  tasks.o [1]
  .bss                zero     0x20001dc4     0x4  tasks.o [1]
  .bss                zero     0x20001dc8     0x4  tasks.o [1]
  .bss                zero     0x20001dcc     0x4  tasks.o [1]
  .bss                zero     0x20001dd0     0x4  tasks.o [1]
  .bss                zero     0x20001dd4     0x4  tasks.o [1]
  .bss                zero     0x20001dd8     0x1  port.o [1]
  .bss                zero     0x20001dd9     0x1  pwmIn.o [1]
  CSTACK                       0x20001de0   0x400  <Block>
    CSTACK            uninit   0x20001de0   0x400  <Block tail>
                             - 0x200021e0  0x21e0


*******************************************************************************
*** INIT TABLE
***

          Address     Size
          -------     ----
Zero (__iar_zero_init3)
    1 destination range, total size 0x1db2:
          0x20000028  0x1db2

Copy (__iar_copy_init3)
    1 source range, total size 0x28:
          0x08007208    0x28
    1 destination range, total size 0x28:
          0x20000000    0x28



*******************************************************************************
*** MODULE SUMMARY
***

    Module                  ro code  ro data  rw data
    ------                  -------  -------  -------
C:\Users\Hannes\Documents\GitHub\Quadcopter\QuadroHT15_v2-1\EWARM\QuadroHT15_v2-1 Configuration\Obj: [1]
    analys.o                    152                12
    cmsis_os.o                  906
    controlThread.o           2 696       21      104
    heap_4.o                    536       10    4 116
    list.o                      164
    main.o                      148      120       28
    port.o                      452        8        9
    portasm.o                   156
    pwmIn.o                     524                21
    queue.o                   1 598
    startup_stm32f303xc.o       688
    stm32f3xx_hal.o              80                 4
    stm32f3xx_hal_cortex.o      352
    stm32f3xx_hal_gpio.o        528
    stm32f3xx_hal_msp.o         640
    stm32f3xx_hal_pcd.o         250
    stm32f3xx_hal_rcc.o         992       16
    stm32f3xx_hal_rcc_ex.o    2 356       32
    stm32f3xx_hal_spi.o       1 828
    stm32f3xx_hal_tim.o       2 510
    stm32f3xx_hal_tim_ex.o      720
    stm32f3xx_hal_uart.o      1 588
    stm32f3xx_it.o               48
    systemInit.o              2 884             1 184
    system_stm32f3xx.o          152        4        4
    tasks.o                   2 496       12    2 156
    -------------------------------------------------
    Total:                   25 444      223    7 638

command line: [2]
    -------------------------------------------------
    Total:

dl7M_tlf.a: [3]
    errno.o                      12        4        4
    exit.o                        4
    low_level_init.o              4
    xtls.o                        2
    -------------------------------------------------
    Total:                       22        4        4

m7M_tls.a: [4]
    DblAdd.o                    232
    DblCmpGe.o                   46
    DblCmpLe.o                   46
    DblDiv.o                    598
    DblMul.o                    418
    DblSub.o                    364
    DblToFlt.o                  144
    DblToI32.o                   76
    FltToDbl.o                   78
    I32ToDbl.o                   48
    atan.o                      192
    fpinit_M.o                   34
    sqrt.o                      256
    xatan.o                     496
    -------------------------------------------------
    Total:                    3 028

rt7M_tl.a: [5]
    ABImemcpy_unaligned.o       118
    ABImemset.o                 102
    cexit.o                      10
    cmain.o                      26
    copy_init3.o                 44
    cstartup_M.o                 12
    data_init.o                  40
    iarEdom.o                    12
    zero_init3.o                 64
    -------------------------------------------------
    Total:                      428

shb_l.a: [6]
    exit.o                       20
    -------------------------------------------------
    Total:                       20

    Gaps                         25        2
    Linker created                        36    1 024
-----------------------------------------------------
    Grand Total:             28 967      265    8 666


*******************************************************************************
*** ENTRY LIST
***

Entry                      Address    Size  Type      Object
-----                      -------    ----  ----      ------
.iar.init_table$$Base   0x08006fb4           --   Gb  - Linker created -
.iar.init_table$$Limit  0x08006fd8           --   Gb  - Linker created -
?main                   0x08006fd9          Code  Gb  cmain.o [5]
APBAHBPrescTable        0x08007058    0x10  Data  Gb  stm32f3xx_hal_rcc.o [1]
CSTACK$$Base            0x20001de0           --   Gb  - Linker created -
CSTACK$$Limit           0x200021e0           --   Gb  - Linker created -
HAL_GPIO_Init           0x08003635   0x1be  Code  Gb  stm32f3xx_hal_gpio.o [1]
HAL_GPIO_ReadPin        0x080037f3    0x18  Code  Gb  stm32f3xx_hal_gpio.o [1]
HAL_GPIO_WritePin       0x0800380b     0xe  Code  Gb  stm32f3xx_hal_gpio.o [1]
HAL_GetTick             0x0800388b     0x6  Code  Wk  stm32f3xx_hal.o [1]
HAL_IncTick             0x0800387f     0xc  Code  Wk  stm32f3xx_hal.o [1]
HAL_Init                0x08003845    0x16  Code  Gb  stm32f3xx_hal.o [1]
HAL_InitTick            0x0800385b    0x24  Code  Wk  stm32f3xx_hal.o [1]
HAL_MspInit             0x08003895    0x26  Code  Gb  stm32f3xx_hal_msp.o [1]
HAL_NVIC_EnableIRQ      0x08001ae3     0xe  Code  Gb  stm32f3xx_hal_cortex.o [1]
HAL_NVIC_SetPriority    0x08001abd    0x26  Code  Gb  stm32f3xx_hal_cortex.o [1]
HAL_NVIC_SetPriorityGrouping
                        0x08001ab1     0xc  Code  Gb  stm32f3xx_hal_cortex.o [1]
HAL_PCD_Init            0x08003539    0xfa  Code  Gb  stm32f3xx_hal_pcd.o [1]
HAL_PCD_MspInit         0x08003aa5    0x3e  Code  Gb  stm32f3xx_hal_msp.o [1]
HAL_RCCEx_PeriphCLKConfig
                        0x08000ccd   0x248  Code  Gb  stm32f3xx_hal_rcc_ex.o [1]
HAL_RCC_ClockConfig     0x08001601   0x350  Code  Gb  stm32f3xx_hal_rcc.o [1]
HAL_RCC_GetHCLKFreq     0x08001951    0x2c  Code  Gb  stm32f3xx_hal_rcc.o [1]
HAL_RCC_GetPCLK1Freq    0x0800197d    0x26  Code  Gb  stm32f3xx_hal_rcc.o [1]
HAL_RCC_GetPCLK2Freq    0x080019a3    0x26  Code  Gb  stm32f3xx_hal_rcc.o [1]
HAL_RCC_GetSysClockFreq
                        0x08001539    0x82  Code  Gb  stm32f3xx_hal_rcc_ex.o [1]
HAL_RCC_OscConfig       0x08000f15   0x624  Code  Gb  stm32f3xx_hal_rcc_ex.o [1]
HAL_SPI_Init            0x08001b41    0xcc  Code  Gb  stm32f3xx_hal_spi.o [1]
HAL_SPI_MspInit         0x080038bb    0x42  Code  Gb  stm32f3xx_hal_msp.o [1]
HAL_SPI_Transmit        0x08001c0d   0x184  Code  Gb  stm32f3xx_hal_spi.o [1]
HAL_SPI_TransmitReceive
                        0x08001d91   0x31e  Code  Gb  stm32f3xx_hal_spi.o [1]
HAL_SYSTICK_CLKSourceConfig
                        0x08001afd    0x20  Code  Gb  stm32f3xx_hal_cortex.o [1]
HAL_SYSTICK_Config      0x08001af1     0xc  Code  Gb  stm32f3xx_hal_cortex.o [1]
HAL_TIMEx_BreakCallback
                        0x08002f03     0x2  Code  Wk  stm32f3xx_hal_tim_ex.o [1]
HAL_TIMEx_CommutationCallback
                        0x08002f01     0x2  Code  Wk  stm32f3xx_hal_tim_ex.o [1]
HAL_TIMEx_MasterConfigSynchronization
                        0x08002e9b    0x5e  Code  Gb  stm32f3xx_hal_tim_ex.o [1]
HAL_TIM_Base_Init       0x08002265    0x32  Code  Gb  stm32f3xx_hal_tim.o [1]
HAL_TIM_Base_MspInit    0x08003959    0xdc  Code  Gb  stm32f3xx_hal_msp.o [1]
HAL_TIM_Base_Start_IT   0x08002297    0x1e  Code  Gb  stm32f3xx_hal_tim.o [1]
HAL_TIM_ConfigClockSource
                        0x08002651   0x124  Code  Gb  stm32f3xx_hal_tim.o [1]
HAL_TIM_IC_CaptureCallback
                        0x08003bf7    0xf4  Code  Gb  pwmIn.o [1]
HAL_TIM_IC_ConfigChannel
                        0x0800257b    0xd6  Code  Gb  stm32f3xx_hal_tim.o [1]
HAL_TIM_IC_Init         0x08002361    0x32  Code  Gb  stm32f3xx_hal_tim.o [1]
HAL_TIM_IC_MspInit      0x08002393     0x2  Code  Wk  stm32f3xx_hal_tim.o [1]
HAL_TIM_IC_Start_IT     0x08002395    0x6c  Code  Gb  stm32f3xx_hal_tim.o [1]
HAL_TIM_IRQHandler      0x08002405   0x176  Code  Gb  stm32f3xx_hal_tim.o [1]
HAL_TIM_OC_DelayElapsedCallback
                        0x08002777     0x2  Code  Wk  stm32f3xx_hal_tim.o [1]
HAL_TIM_PWM_ConfigChannel
                        0x08002d35   0x166  Code  Gb  stm32f3xx_hal_tim_ex.o [1]
HAL_TIM_PWM_Init        0x080022b5    0x32  Code  Gb  stm32f3xx_hal_tim.o [1]
HAL_TIM_PWM_MspInit     0x080038fd    0x5c  Code  Gb  stm32f3xx_hal_msp.o [1]
HAL_TIM_PWM_PulseFinishedCallback
                        0x08002779     0x2  Code  Wk  stm32f3xx_hal_tim.o [1]
HAL_TIM_PWM_Start       0x080022e7    0x6a  Code  Gb  stm32f3xx_hal_tim.o [1]
HAL_TIM_PeriodElapsedCallback
                        0x08002775     0x2  Code  Wk  stm32f3xx_hal_tim.o [1]
HAL_TIM_TriggerCallback
                        0x0800277b     0x2  Code  Wk  stm32f3xx_hal_tim.o [1]
HAL_UART_Init           0x08002f05    0x78  Code  Gb  stm32f3xx_hal_uart.o [1]
HAL_UART_MspInit        0x08003a35    0x70  Code  Gb  stm32f3xx_hal_msp.o [1]
HAL_UART_Transmit       0x08002f7d    0xea  Code  Gb  stm32f3xx_hal_uart.o [1]
MX_GPIO_Init            0x08000681    0x94  Code  Lc  systemInit.o [1]
MX_SPI2_Init            0x08000213    0x84  Code  Lc  systemInit.o [1]
MX_TIM1_Init            0x08000297    0x68  Code  Lc  systemInit.o [1]
MX_TIM2_Init            0x080002ff    0xa4  Code  Lc  systemInit.o [1]
MX_TIM3_Init            0x080003a3    0xa6  Code  Lc  systemInit.o [1]
MX_TIM4_Init            0x08000449    0xa6  Code  Lc  systemInit.o [1]
MX_TIM8_Init            0x080004ef    0x8c  Code  Lc  systemInit.o [1]
MX_USART2_UART_Init     0x0800057b    0x60  Code  Lc  systemInit.o [1]
MX_USART3_UART_Init     0x080005db    0x60  Code  Lc  systemInit.o [1]
MX_USB_PCD_Init         0x0800063b    0x46  Code  Lc  systemInit.o [1]
NVIC_EnableIRQ          0x08001a09    0x14  Code  Lc  stm32f3xx_hal_cortex.o [1]
NVIC_EncodePriority     0x08001a43    0x3e  Code  Lc  stm32f3xx_hal_cortex.o [1]
NVIC_GetPriorityGrouping
                        0x080019ff     0xa  Code  Lc  stm32f3xx_hal_cortex.o [1]
NVIC_SetPriority        0x08001a1d    0x26  Code  Lc  stm32f3xx_hal_cortex.o [1]
NVIC_SetPriorityGrouping
                        0x080019e1    0x1e  Code  Lc  stm32f3xx_hal_cortex.o [1]
PLLMULFactorTable       0x08007068    0x10  Data  Gb  stm32f3xx_hal_rcc_ex.o [1]
PendSV_Handler          0x08004e2d          Code  Gb  portasm.o [1]
PredivFactorTable       0x08007078    0x10  Data  Gb  stm32f3xx_hal_rcc_ex.o [1]
Region$$Table$$Base     0x08006fb4           --   Gb  - Linker created -
Region$$Table$$Limit    0x08006fd8           --   Gb  - Linker created -
SPI_EndRxTxTransaction  0x080021f7    0x6e  Code  Lc  stm32f3xx_hal_spi.o [1]
SPI_WaitFifoStateUntilTimeout
                        0x08002147    0xb0  Code  Lc  stm32f3xx_hal_spi.o [1]
SPI_WaitFlagStateUntilTimeout
                        0x080020af    0x98  Code  Lc  stm32f3xx_hal_spi.o [1]
SVC_Handler             0x08004e89          Code  Gb  portasm.o [1]
StartAnalysTask         0x08006d09    0x98  Code  Gb  analys.o [1]
StartMainTask           0x080059bd    0x6e  Code  Gb  controlThread.o [1]
StartPwmInTask          0x08003b15    0xe2  Code  Gb  pwmIn.o [1]
SysTick_Config          0x08001a81    0x30  Code  Lc  stm32f3xx_hal_cortex.o [1]
SysTick_Handler         0x08006f0d    0x14  Code  Gb  stm32f3xx_it.o [1]
SystemClock_Config      0x08000189    0x8a  Code  Gb  systemInit.o [1]
SystemCoreClock         0x2000001c     0x4  Data  Gb  system_stm32f3xx.o [1]
SystemInit              0x08006da1    0x70  Code  Gb  system_stm32f3xx.o [1]
TIM3_IRQHandler         0x08006f21     0xa  Code  Gb  stm32f3xx_it.o [1]
TIM4_IRQHandler         0x08006f2b     0xa  Code  Gb  stm32f3xx_it.o [1]
TIM_Base_SetConfig      0x0800277d    0x9c  Code  Gb  stm32f3xx_hal_tim.o [1]
TIM_CCxChannelCmd       0x08002c15    0x1e  Code  Gb  stm32f3xx_hal_tim.o [1]
TIM_ETR_SetConfig       0x08002bf9    0x1c  Code  Gb  stm32f3xx_hal_tim.o [1]
TIM_ITRx_SetConfig      0x08002be3    0x16  Code  Lc  stm32f3xx_hal_tim.o [1]
TIM_OC1_SetConfig       0x08002819    0x96  Code  Gb  stm32f3xx_hal_tim.o [1]
TIM_OC2_SetConfig       0x080028af    0x8e  Code  Gb  stm32f3xx_hal_tim.o [1]
TIM_OC3_SetConfig       0x0800293d    0x8c  Code  Gb  stm32f3xx_hal_tim.o [1]
TIM_OC4_SetConfig       0x080029c9    0x6a  Code  Gb  stm32f3xx_hal_tim.o [1]
TIM_OC5_SetConfig       0x08002c35    0x70  Code  Lc  stm32f3xx_hal_tim_ex.o [1]
TIM_OC6_SetConfig       0x08002ca5    0x72  Code  Lc  stm32f3xx_hal_tim_ex.o [1]
TIM_TI1_ConfigInputStage
                        0x08002ad1    0x2c  Code  Lc  stm32f3xx_hal_tim.o [1]
TIM_TI1_SetConfig       0x08002a33    0x70  Code  Gb  stm32f3xx_hal_tim.o [1]
TIM_TI2_ConfigInputStage
                        0x08002b3b    0x2e  Code  Lc  stm32f3xx_hal_tim.o [1]
TIM_TI2_SetConfig       0x08002afd    0x3e  Code  Lc  stm32f3xx_hal_tim.o [1]
TIM_TI3_SetConfig       0x08002b69    0x3c  Code  Lc  stm32f3xx_hal_tim.o [1]
TIM_TI4_SetConfig       0x08002ba5    0x3e  Code  Lc  stm32f3xx_hal_tim.o [1]
UART_AdvFeatureConfig   0x08003405    0xda  Code  Gb  stm32f3xx_hal_uart.o [1]
UART_CheckIdleState     0x080034df    0x5a  Code  Gb  stm32f3xx_hal_uart.o [1]
UART_SetConfig          0x08003145   0x298  Code  Gb  stm32f3xx_hal_uart.o [1]
UART_WaitOnFlagUntilTimeout
                        0x08003067    0xde  Code  Gb  stm32f3xx_hal_uart.o [1]
__aeabi_cdcmple         0x08006aa9          Code  Gb  DblCmpLe.o [4]
__aeabi_cdrcmple        0x08006ad9          Code  Gb  DblCmpGe.o [4]
__aeabi_d2f             0x080041c5          Code  Gb  DblToFlt.o [4]
__aeabi_d2iz            0x08006891          Code  Gb  DblToI32.o [4]
__aeabi_dadd            0x080040dd          Code  Gb  DblAdd.o [4]
__aeabi_ddiv            0x08006639          Code  Gb  DblDiv.o [4]
__aeabi_dmul            0x08006495          Code  Gb  DblMul.o [4]
__aeabi_errno_addr      0x08006cf9     0x6  Code  Gb  errno.o [3]
__aeabi_f2d             0x08006445          Code  Gb  FltToDbl.o [4]
__aeabi_i2d             0x080040ad          Code  Gb  I32ToDbl.o [4]
__aeabi_memset          0x080058dd          Code  Gb  ABImemset.o [5]
__aeabi_ui2d            0x080040c1          Code  Gb  I32ToDbl.o [4]
__cmain                 0x08006fd9          Code  Gb  cmain.o [5]
__exit                  0x08007009    0x14  Code  Gb  exit.o [6]
__iar_Atan              0x08006b09   0x158  Code  Gb  xatan.o [4]
__iar_Errno             0x20000024     0x4  Data  Gb  errno.o [3]
__iar_Memset            0x080058dd          Code  Gb  ABImemset.o [5]
__iar_Memset_word       0x080058e5          Code  Gb  ABImemset.o [5]
__iar_copy_init3        0x08006f3d    0x2c  Code  Gb  copy_init3.o [5]
__iar_d2uiz             0x080068bd          Code  Gb  DblToI32.o [4]
__iar_dadd              0x080040f1          Code  Gb  DblAdd.o [4]
__iar_data_init3        0x08006f69    0x28  Code  Gb  data_init.o [5]
__iar_dlib_perthread_access
                        0x08006d05     0x2  Code  Gb  xtls.o [3]
__iar_dsub              0x080056cd          Code  Gb  DblSub.o [4]
__iar_dsubStart         0x080056df          Code  Gb  DblSub.o [4]
__iar_edom              0x08006a9d          Code  Gb  iarEdom.o [5]
__iar_init_vfp          0x08006f91          Code  Gb  fpinit_M.o [4]
__iar_program_start     0x080070d5          Code  Gb  cstartup_M.o [5]
__iar_sqrt              0x080068ed          Code  Gb  sqrt.o [4]
__iar_ui2d              0x080040c5          Code  Gb  I32ToDbl.o [4]
__iar_unaligned___aeabi_memcpy
                        0x08005945          Code  Gb  ABImemcpy_unaligned.o [5]
__iar_unaligned___aeabi_memcpy4
                        0x08005965          Code  Gb  ABImemcpy_unaligned.o [5]
__iar_unaligned___aeabi_memcpy8
                        0x08005965          Code  Gb  ABImemcpy_unaligned.o [5]
__iar_vfp_atan          0x08006a8d    0x10  Code  Gb  atan.o [4]
__iar_vfp_sqrt          0x080068dd          Code  Gb  sqrt.o [4]
__iar_vfp_sqrtl         0x080068dd          Code  Gb  sqrt.o [4]
__iar_zero_init3        0x08006ecd    0x40  Code  Gb  zero_init3.o [5]
__low_level_init        0x08006ff3     0x4  Code  Gb  low_level_init.o [3]
__vector_table          0x08000000          Data  Gb  startup_stm32f303xc.o [1]
_call_main              0x08006fe5          Code  Gb  cmain.o [5]
_exit                   0x08006ffd          Code  Gb  cexit.o [5]
_main                   0x08006fef          Code  Gb  cmain.o [5]
a                       0x08006cb8    0x40  Data  Lc  xatan.o [4]
accelerometer_Get_Pitch
                        0x08006293    0x9e  Code  Gb  controlThread.o [1]
accelerometer_Get_Roll  0x08006331    0x9e  Code  Gb  controlThread.o [1]
analysTaskHandle        0x20001d74     0x4  Data  Gb  main.o [1]
analys_mailbox          0x20001d84     0x4  Data  Gb  main.o [1]
atan                    0x080069dd    0x9a  Code  Gb  atan.o [4]
automaticControl        0x08005d5d   0x116  Code  Gb  controlThread.o [1]
complementaryFilter     0x08005ad1   0x128  Code  Gb  controlThread.o [1]
dt                      0x20000010     0x4  Data  Gb  controlThread.o [1]
emergency               0x20001d9c     0x4  Data  Lc  pwmIn.o [1]
exit                    0x08006ff7     0x4  Code  Gb  exit.o [3]
getPWMinValues          0x08005a2b    0x40  Code  Gb  controlThread.o [1]
heapSTRUCT_SIZE         0x08002c32     0x2  Data  Lc  heap_4.o [1]
hpcd_USB_FS             0x200017f8   0x220  Data  Gb  systemInit.o [1]
hspi2                   0x20001af0    0x60  Data  Gb  systemInit.o [1]
htim1                   0x20001b50    0x3c  Data  Gb  systemInit.o [1]
htim2                   0x20001b8c    0x3c  Data  Gb  systemInit.o [1]
htim3                   0x20001bc8    0x3c  Data  Gb  systemInit.o [1]
htim4                   0x20001c04    0x3c  Data  Gb  systemInit.o [1]
htim8                   0x20001c40    0x3c  Data  Gb  systemInit.o [1]
huart2                  0x20001a18    0x6c  Data  Gb  systemInit.o [1]
huart3                  0x20001a84    0x6c  Data  Gb  systemInit.o [1]
inHandlerMode           0x08003d33    0x12  Code  Lc  cmsis_os.o [1]
l3gd20h_Init            0x08000a3d   0x17a  Code  Gb  systemInit.o [1]
l3gd20h_Read_X          0x08005f1f    0x9e  Code  Gb  controlThread.o [1]
l3gd20h_Read_Y          0x08005fbd    0x9e  Code  Gb  controlThread.o [1]
l3gd20h_Read_Z          0x0800605b    0x94  Code  Gb  controlThread.o [1]
lis3dh_Init             0x08000715   0x328  Code  Gb  systemInit.o [1]
lis3dh_Read_X           0x080060f5    0x8a  Code  Gb  controlThread.o [1]
lis3dh_Read_Y           0x0800617f    0x8a  Code  Gb  controlThread.o [1]
lis3dh_Read_Z           0x08006209    0x8a  Code  Gb  controlThread.o [1]
main                    0x08006e39    0x94  Code  Gb  main.o [1]
mainTaskHandle          0x20001d6c     0x4  Data  Gb  main.o [1]
makeFreeRtosPriority    0x08003d21    0x12  Code  Lc  cmsis_os.o [1]
numbers                 0x20001d3c     0xc  Data  Gb  analys.o [1]
osDelay                 0x08003d91    0x1c  Code  Gb  cmsis_os.o [1]
osKernelStart           0x08003d45    0x1a  Code  Gb  cmsis_os.o [1]
osMailAlloc             0x08003f6f    0x1a  Code  Gb  cmsis_os.o [1]
osMailCreate            0x08003eeb    0x84  Code  Gb  cmsis_os.o [1]
osMailFree              0x08004091    0x1a  Code  Gb  cmsis_os.o [1]
osMailGet               0x08003fdd    0xac  Code  Gb  cmsis_os.o [1]
osMailPut               0x08003f89    0x54  Code  Gb  cmsis_os.o [1]
osPoolAlloc             0x08003e21    0x78  Code  Gb  cmsis_os.o [1]
osPoolCreate            0x08003dad    0x74  Code  Gb  cmsis_os.o [1]
osPoolFree              0x08003e99    0x52  Code  Gb  cmsis_os.o [1]
osThreadCreate          0x08003d5f    0x32  Code  Gb  cmsis_os.o [1]
os_mailQ_cb_analys_mailbox
                        0x20001d80     0x4  Data  Gb  main.o [1]
os_mailQ_cb_pwmIn_mailbox
                        0x20001d78     0x4  Data  Gb  main.o [1]
os_mailQ_def_analys_mailbox
                        0x080070c8     0xc  Data  Gb  main.o [1]
os_mailQ_def_pwmIn_mailbox
                        0x080070bc     0xc  Data  Gb  main.o [1]
pcInterruptPriorityRegisters
                        0x080070ec     0x4  Data  Lc  port.o [1]
pitch                   0x20001d90     0x4  Data  Lc  pwmIn.o [1]
pitchBuffer             0x20001c9c    0x20  Data  Gb  controlThread.o [1]
pitchBufferPointer      0x20001d54     0x4  Data  Gb  controlThread.o [1]
pitchEndPointer         0x2000000c     0x4  Data  Gb  controlThread.o [1]
pitchFilter             0x08005ca9    0xb0  Code  Gb  controlThread.o [1]
pitchStartPointer       0x20000008     0x4  Data  Gb  controlThread.o [1]
prvAddCurrentTaskToDelayedList
                        0x08004a39    0x3e  Code  Lc  tasks.o [1]
prvAllocateTCBAndStack  0x08004a85    0x54  Code  Lc  tasks.o [1]
prvCheckTasksWaitingTermination
                        0x080049d5    0x58  Code  Lc  tasks.o [1]
prvCopyDataFromQueue    0x080055ef    0x30  Code  Lc  queue.o [1]
prvCopyDataToQueue      0x08005561    0x8e  Code  Lc  queue.o [1]
prvDeleteTCB            0x08004ad9    0x12  Code  Lc  tasks.o [1]
prvHeapInit             0x08004d39    0x74  Code  Lc  heap_4.o [1]
prvIdleTask             0x08004915    0x18  Code  Lc  tasks.o [1]
prvInitialiseTCBVariables
                        0x0800492d    0x5e  Code  Lc  tasks.o [1]
prvInitialiseTaskLists  0x0800498b    0x46  Code  Lc  tasks.o [1]
prvInsertBlockIntoFreeList
                        0x08004dad    0x62  Code  Lc  heap_4.o [1]
prvIsQueueEmpty         0x08005689    0x20  Code  Lc  queue.o [1]
prvIsQueueFull          0x080056a9    0x22  Code  Lc  queue.o [1]
prvTaskExitError        0x08004eed    0x18  Code  Lc  port.o [1]
prvUnlockQueue          0x0800561f    0x6a  Code  Lc  queue.o [1]
pvPortMalloc            0x08004c15    0xc0  Code  Gb  heap_4.o [1]
pwmInTaskHandle         0x20001d70     0x4  Data  Gb  main.o [1]
pwmIn_mailbox           0x20001d7c     0x4  Data  Gb  main.o [1]
pwmOut                  0x08005e73    0xac  Code  Gb  controlThread.o [1]
pxCurrentTCB            0x20001da4     0x4  Data  Gb  tasks.o [1]
pxDelayedTaskList       0x20001da8     0x4  Data  Lc  tasks.o [1]
pxEnd                   0x20001d64     0x4  Data  Lc  heap_4.o [1]
pxOverflowDelayedTaskList
                        0x20001dac     0x4  Data  Lc  tasks.o [1]
pxPortInitialiseStack   0x08004ec9    0x24  Code  Gb  port.o [1]
pxReadyTasksLists       0x20001028   0x7d0  Data  Lc  tasks.o [1]
readSensors             0x08005a6b    0x66  Code  Gb  controlThread.o [1]
roll                    0x20001d94     0x4  Data  Lc  pwmIn.o [1]
rollBuffer              0x20001c7c    0x20  Data  Gb  controlThread.o [1]
rollBufferPointer       0x20001d50     0x4  Data  Gb  controlThread.o [1]
rollEndPointer          0x20000004     0x4  Data  Gb  controlThread.o [1]
rollFilter              0x08005bf9    0xb0  Code  Gb  controlThread.o [1]
rollStartPointer        0x20000000     0x4  Data  Gb  controlThread.o [1]
sConfigOC               0x20001cbc    0x1c  Data  Gb  systemInit.o [1]
sqrt                    0x080068ed          Code  Gb  sqrt.o [4]
sqrtl                   0x080068ed          Code  Gb  sqrt.o [4]
start                   0x20001d58     0x4  Data  Gb  controlThread.o [1]
systemInit              0x08000bb7    0xbc  Code  Gb  systemInit.o [1]
thrust                  0x20001d8c     0x4  Data  Lc  pwmIn.o [1]
ucHeap                  0x20000028  0x1000  Data  Lc  heap_4.o [1]
ucMaxSysCallPriority    0x20001dd8     0x1  Data  Lc  port.o [1]
ulMaxPRIGROUPValue      0x20001d88     0x4  Data  Lc  port.o [1]
ulPortSetInterruptMask  0x08004e75          Code  Gb  portasm.o [1]
uwTick                  0x20001da0     0x4  Data  Lc  stm32f3xx_hal.o [1]
uxCriticalNesting       0x20000018     0x4  Data  Lc  port.o [1]
uxCurrentNumberOfTasks  0x20001db4     0x4  Data  Lc  tasks.o [1]
uxListRemove            0x080058b3    0x2a  Code  Gb  list.o [1]
uxPendedTicks           0x20001dc8     0x4  Data  Lc  tasks.o [1]
uxSchedulerSuspended    0x20001dc4     0x4  Data  Lc  tasks.o [1]
uxTaskNumber            0x20001dd4     0x4  Data  Lc  tasks.o [1]
uxTasksDeleted          0x20001db0     0x4  Data  Lc  tasks.o [1]
uxTopReadyPriority      0x20001dbc     0x4  Data  Lc  tasks.o [1]
vListInitialise         0x08005839    0x1e  Code  Gb  list.o [1]
vListInitialiseItem     0x08005857     0x6  Code  Gb  list.o [1]
vListInsert             0x08005877    0x3c  Code  Gb  list.o [1]
vListInsertEnd          0x0800585d    0x1a  Code  Gb  list.o [1]
vPortClearInterruptMask
                        0x08004e83          Code  Gb  portasm.o [1]
vPortEnableVFP          0x08004eaf          Code  Gb  portasm.o [1]
vPortEnterCritical      0x08004faf    0x1a  Code  Gb  port.o [1]
vPortExitCritical       0x08004fc9    0x1c  Code  Gb  port.o [1]
vPortFree               0x08004cd5    0x64  Code  Gb  heap_4.o [1]
vPortSetupTimerInterrupt
                        0x08005003    0x1a  Code  Wk  port.o [1]
vPortStartFirstTask     0x08004ea1          Code  Gb  portasm.o [1]
vPortValidateInterruptPriority
                        0x08005021    0x3c  Code  Gb  port.o [1]
vPortYield              0x08004f9d    0x12  Code  Gb  port.o [1]
vTaskDelay              0x08004431    0x3a  Code  Gb  tasks.o [1]
vTaskDelayUntil         0x080043af    0x82  Code  Gb  tasks.o [1]
vTaskMissedYield        0x08004909     0xa  Code  Gb  tasks.o [1]
vTaskPlaceOnEventList   0x080047a3    0x54  Code  Gb  tasks.o [1]
vTaskPriorityDisinherit
                        0x08004b8d    0x46  Code  Gb  tasks.o [1]
vTaskPriorityInherit    0x08004b1d    0x6c  Code  Gb  tasks.o [1]
vTaskSetTimeOutState    0x08004877    0x1e  Code  Gb  tasks.o [1]
vTaskStartScheduler     0x0800446b    0x4e  Code  Gb  tasks.o [1]
vTaskSuspendAll         0x080044b9    0x10  Code  Gb  tasks.o [1]
vTaskSwitchContext      0x08004725    0x7e  Code  Gb  tasks.o [1]
xBlockAllocatedBit      0x20001d68     0x4  Data  Lc  heap_4.o [1]
xDelayedTaskList1       0x20001cd8    0x14  Data  Lc  tasks.o [1]
xDelayedTaskList2       0x20001cec    0x14  Data  Lc  tasks.o [1]
xFreeBytesRemaining     0x20000014     0x4  Data  Lc  heap_4.o [1]
xNextTaskUnblockTime    0x20000020     0x4  Data  Lc  tasks.o [1]
xNumOfOverflows         0x20001dd0     0x4  Data  Lc  tasks.o [1]
xPendingReadyList       0x20001d00    0x14  Data  Lc  tasks.o [1]
xPortStartScheduler     0x08004f05    0x98  Code  Gb  port.o [1]
xPortSysTickHandler     0x08004fe5    0x1e  Code  Gb  port.o [1]
xQueueGenericCreate     0x08005105    0x60  Code  Gb  queue.o [1]
xQueueGenericReceive    0x0800535b   0x164  Code  Gb  queue.o [1]
xQueueGenericReset      0x0800508d    0x78  Code  Gb  queue.o [1]
xQueueGenericSend       0x08005165   0x134  Code  Gb  queue.o [1]
xQueueGenericSendFromISR
                        0x08005299    0xc2  Code  Gb  queue.o [1]
xQueueReceiveFromISR    0x080054bf    0xa2  Code  Gb  queue.o [1]
xSchedulerRunning       0x20001dc0     0x4  Data  Lc  tasks.o [1]
xStart                  0x20001d48     0x8  Data  Lc  heap_4.o [1]
xSuspendedTaskList      0x20001d28    0x14  Data  Lc  tasks.o [1]
xTaskCheckForTimeOut    0x08004895    0x74  Code  Gb  tasks.o [1]
xTaskGenericCreate      0x08004255   0x15a  Code  Gb  tasks.o [1]
xTaskGetCurrentTaskHandle
                        0x08004aeb     0x8  Code  Gb  tasks.o [1]
xTaskGetSchedulerState  0x08004af3    0x22  Code  Gb  tasks.o [1]
xTaskGetTickCount       0x080045b1    0x16  Code  Gb  tasks.o [1]
xTaskIncrementTick      0x080045c7   0x15e  Code  Gb  tasks.o [1]
xTaskRemoveFromEventList
                        0x080047f7    0x80  Code  Gb  tasks.o [1]
xTaskResumeAll          0x080044c9    0xe8  Code  Gb  tasks.o [1]
xTasksWaitingTermination
                        0x20001d14    0x14  Data  Lc  tasks.o [1]
xTickCount              0x20001db8     0x4  Data  Lc  tasks.o [1]
xTotalHeapSize          0x080070e8     0x4  Data  Lc  heap_4.o [1]
xYieldPending           0x20001dcc     0x4  Data  Lc  tasks.o [1]
yaw                     0x20001d98     0x4  Data  Lc  pwmIn.o [1]


[1] = C:\Users\Hannes\Documents\GitHub\Quadcopter\QuadroHT15_v2-1\EWARM\QuadroHT15_v2-1 Configuration\Obj
[2] = command line
[3] = dl7M_tlf.a
[4] = m7M_tls.a
[5] = rt7M_tl.a
[6] = shb_l.a

  28 967 bytes of readonly  code memory
     265 bytes of readonly  data memory
   8 666 bytes of readwrite data memory

Errors: none
Warnings: none
