###############################################################################
#
# IAR ELF Linker V7.40.7.9843/W32 for ARM                 18/Dec/2015  11:45:22
# Copyright 2007-2015 IAR Systems AB.
#
#    Output file  =  
#        C:\Users\Simojjen\Documents\KTH\Quadkopter_master_v1.0\Quadcopter\QuadroHT15_v2-1\EWARM\QuadroHT15_v2-1_Configuration\Exe\QuadroHT15_v2-1
#        Configuration.out
#    Map file     =  
#        C:\Users\Simojjen\Documents\KTH\Quadkopter_master_v1.0\Quadcopter\QuadroHT15_v2-1\EWARM\QuadroHT15_v2-1_Configuration\List\QuadroHT15_v2-1
#        Configuration.map
#    Command line =  
#        C:\Users\Simojjen\Documents\KTH\Quadkopter_master_v1.0\Quadcopter\QuadroHT15_v2-1\EWARM\QuadroHT15_v2-1_Configuration\Obj\analys.o
#        C:\Users\Simojjen\Documents\KTH\Quadkopter_master_v1.0\Quadcopter\QuadroHT15_v2-1\EWARM\QuadroHT15_v2-1_Configuration\Obj\automaticControl.o
#        C:\Users\Simojjen\Documents\KTH\Quadkopter_master_v1.0\Quadcopter\QuadroHT15_v2-1\EWARM\QuadroHT15_v2-1_Configuration\Obj\cmsis_os.o
#        C:\Users\Simojjen\Documents\KTH\Quadkopter_master_v1.0\Quadcopter\QuadroHT15_v2-1\EWARM\QuadroHT15_v2-1_Configuration\Obj\controlThread.o
#        C:\Users\Simojjen\Documents\KTH\Quadkopter_master_v1.0\Quadcopter\QuadroHT15_v2-1\EWARM\QuadroHT15_v2-1_Configuration\Obj\croutine.o
#        C:\Users\Simojjen\Documents\KTH\Quadkopter_master_v1.0\Quadcopter\QuadroHT15_v2-1\EWARM\QuadroHT15_v2-1_Configuration\Obj\Filter.o
#        C:\Users\Simojjen\Documents\KTH\Quadkopter_master_v1.0\Quadcopter\QuadroHT15_v2-1\EWARM\QuadroHT15_v2-1_Configuration\Obj\freertos.o
#        C:\Users\Simojjen\Documents\KTH\Quadkopter_master_v1.0\Quadcopter\QuadroHT15_v2-1\EWARM\QuadroHT15_v2-1_Configuration\Obj\heap_4.o
#        C:\Users\Simojjen\Documents\KTH\Quadkopter_master_v1.0\Quadcopter\QuadroHT15_v2-1\EWARM\QuadroHT15_v2-1_Configuration\Obj\list.o
#        C:\Users\Simojjen\Documents\KTH\Quadkopter_master_v1.0\Quadcopter\QuadroHT15_v2-1\EWARM\QuadroHT15_v2-1_Configuration\Obj\main.o
#        C:\Users\Simojjen\Documents\KTH\Quadkopter_master_v1.0\Quadcopter\QuadroHT15_v2-1\EWARM\QuadroHT15_v2-1_Configuration\Obj\port.o
#        C:\Users\Simojjen\Documents\KTH\Quadkopter_master_v1.0\Quadcopter\QuadroHT15_v2-1\EWARM\QuadroHT15_v2-1_Configuration\Obj\portasm.o
#        C:\Users\Simojjen\Documents\KTH\Quadkopter_master_v1.0\Quadcopter\QuadroHT15_v2-1\EWARM\QuadroHT15_v2-1_Configuration\Obj\pwmIn.o
#        C:\Users\Simojjen\Documents\KTH\Quadkopter_master_v1.0\Quadcopter\QuadroHT15_v2-1\EWARM\QuadroHT15_v2-1_Configuration\Obj\queue.o
#        C:\Users\Simojjen\Documents\KTH\Quadkopter_master_v1.0\Quadcopter\QuadroHT15_v2-1\EWARM\QuadroHT15_v2-1_Configuration\Obj\sensor.o
#        C:\Users\Simojjen\Documents\KTH\Quadkopter_master_v1.0\Quadcopter\QuadroHT15_v2-1\EWARM\QuadroHT15_v2-1_Configuration\Obj\startup_stm32f303xc.o
#        C:\Users\Simojjen\Documents\KTH\Quadkopter_master_v1.0\Quadcopter\QuadroHT15_v2-1\EWARM\QuadroHT15_v2-1_Configuration\Obj\stm32f3xx_hal.o
#        C:\Users\Simojjen\Documents\KTH\Quadkopter_master_v1.0\Quadcopter\QuadroHT15_v2-1\EWARM\QuadroHT15_v2-1_Configuration\Obj\stm32f3xx_hal_cortex.o
#        C:\Users\Simojjen\Documents\KTH\Quadkopter_master_v1.0\Quadcopter\QuadroHT15_v2-1\EWARM\QuadroHT15_v2-1_Configuration\Obj\stm32f3xx_hal_dma.o
#        C:\Users\Simojjen\Documents\KTH\Quadkopter_master_v1.0\Quadcopter\QuadroHT15_v2-1\EWARM\QuadroHT15_v2-1_Configuration\Obj\stm32f3xx_hal_flash.o
#        C:\Users\Simojjen\Documents\KTH\Quadkopter_master_v1.0\Quadcopter\QuadroHT15_v2-1\EWARM\QuadroHT15_v2-1_Configuration\Obj\stm32f3xx_hal_flash_ex.o
#        C:\Users\Simojjen\Documents\KTH\Quadkopter_master_v1.0\Quadcopter\QuadroHT15_v2-1\EWARM\QuadroHT15_v2-1_Configuration\Obj\stm32f3xx_hal_gpio.o
#        C:\Users\Simojjen\Documents\KTH\Quadkopter_master_v1.0\Quadcopter\QuadroHT15_v2-1\EWARM\QuadroHT15_v2-1_Configuration\Obj\stm32f3xx_hal_iwdg.o
#        C:\Users\Simojjen\Documents\KTH\Quadkopter_master_v1.0\Quadcopter\QuadroHT15_v2-1\EWARM\QuadroHT15_v2-1_Configuration\Obj\stm32f3xx_hal_msp.o
#        C:\Users\Simojjen\Documents\KTH\Quadkopter_master_v1.0\Quadcopter\QuadroHT15_v2-1\EWARM\QuadroHT15_v2-1_Configuration\Obj\stm32f3xx_hal_pcd.o
#        C:\Users\Simojjen\Documents\KTH\Quadkopter_master_v1.0\Quadcopter\QuadroHT15_v2-1\EWARM\QuadroHT15_v2-1_Configuration\Obj\stm32f3xx_hal_pcd_ex.o
#        C:\Users\Simojjen\Documents\KTH\Quadkopter_master_v1.0\Quadcopter\QuadroHT15_v2-1\EWARM\QuadroHT15_v2-1_Configuration\Obj\stm32f3xx_hal_pwr.o
#        C:\Users\Simojjen\Documents\KTH\Quadkopter_master_v1.0\Quadcopter\QuadroHT15_v2-1\EWARM\QuadroHT15_v2-1_Configuration\Obj\stm32f3xx_hal_pwr_ex.o
#        C:\Users\Simojjen\Documents\KTH\Quadkopter_master_v1.0\Quadcopter\QuadroHT15_v2-1\EWARM\QuadroHT15_v2-1_Configuration\Obj\stm32f3xx_hal_rcc.o
#        C:\Users\Simojjen\Documents\KTH\Quadkopter_master_v1.0\Quadcopter\QuadroHT15_v2-1\EWARM\QuadroHT15_v2-1_Configuration\Obj\stm32f3xx_hal_rcc_ex.o
#        C:\Users\Simojjen\Documents\KTH\Quadkopter_master_v1.0\Quadcopter\QuadroHT15_v2-1\EWARM\QuadroHT15_v2-1_Configuration\Obj\stm32f3xx_hal_spi.o
#        C:\Users\Simojjen\Documents\KTH\Quadkopter_master_v1.0\Quadcopter\QuadroHT15_v2-1\EWARM\QuadroHT15_v2-1_Configuration\Obj\stm32f3xx_hal_tim.o
#        C:\Users\Simojjen\Documents\KTH\Quadkopter_master_v1.0\Quadcopter\QuadroHT15_v2-1\EWARM\QuadroHT15_v2-1_Configuration\Obj\stm32f3xx_hal_tim_ex.o
#        C:\Users\Simojjen\Documents\KTH\Quadkopter_master_v1.0\Quadcopter\QuadroHT15_v2-1\EWARM\QuadroHT15_v2-1_Configuration\Obj\stm32f3xx_hal_uart.o
#        C:\Users\Simojjen\Documents\KTH\Quadkopter_master_v1.0\Quadcopter\QuadroHT15_v2-1\EWARM\QuadroHT15_v2-1_Configuration\Obj\stm32f3xx_hal_uart_ex.o
#        C:\Users\Simojjen\Documents\KTH\Quadkopter_master_v1.0\Quadcopter\QuadroHT15_v2-1\EWARM\QuadroHT15_v2-1_Configuration\Obj\stm32f3xx_it.o
#        C:\Users\Simojjen\Documents\KTH\Quadkopter_master_v1.0\Quadcopter\QuadroHT15_v2-1\EWARM\QuadroHT15_v2-1_Configuration\Obj\system_stm32f3xx.o
#        C:\Users\Simojjen\Documents\KTH\Quadkopter_master_v1.0\Quadcopter\QuadroHT15_v2-1\EWARM\QuadroHT15_v2-1_Configuration\Obj\systemInit.o
#        C:\Users\Simojjen\Documents\KTH\Quadkopter_master_v1.0\Quadcopter\QuadroHT15_v2-1\EWARM\QuadroHT15_v2-1_Configuration\Obj\tasks.o
#        C:\Users\Simojjen\Documents\KTH\Quadkopter_master_v1.0\Quadcopter\QuadroHT15_v2-1\EWARM\QuadroHT15_v2-1_Configuration\Obj\timers.o
#        C:\Users\Simojjen\Documents\KTH\Quadkopter_master_v1.0\Quadcopter\QuadroHT15_v2-1\EWARM\QuadroHT15_v2-1_Configuration\Obj\watchdog.o
#        -o
#        "C:\Users\Simojjen\Documents\KTH\Quadkopter_master_v1.0\Quadcopter\QuadroHT15_v2-1\EWARM\QuadroHT15_v2-1_Configuration\Exe\QuadroHT15_v2-1
#        Configuration.out" --map
#        "C:\Users\Simojjen\Documents\KTH\Quadkopter_master_v1.0\Quadcopter\QuadroHT15_v2-1\EWARM\QuadroHT15_v2-1_Configuration\List\QuadroHT15_v2-1
#        Configuration.map" --config
#        C:\Users\Simojjen\Documents\KTH\Quadkopter_master_v1.0\Quadcopter\QuadroHT15_v2-1\EWARM/stm32f303xc_flash.icf
#        --semihosting --entry __iar_program_start --vfe
#
###############################################################################

*******************************************************************************
*** RUNTIME MODEL ATTRIBUTES
***

CppFlavor       = *
__SystemLibrary = DLib


*******************************************************************************
*** PLACEMENT SUMMARY
***

"A1":  place at 0x08000000 { ro section .intvec };
"P1":  place in [from 0x08000000 to 0x0803ffff] { ro };
"P2":  place in [from 0x20000000 to 0x20009fff] { rw, block CSTACK, block HEAP };

  Section             Kind        Address    Size  Object
  -------             ----        -------    ----  ------
"A1":                                       0x188
  .intvec             ro code  0x08000000   0x188  startup_stm32f303xc.o [1]
                             - 0x08000188   0x188

"P1":                                      0x71d2
  .text               ro code  0x08000188   0xd5c  systemInit.o [1]
  .text               ro code  0x08000ee4   0x4e0  stm32f3xx_hal_rcc_ex.o [1]
  .text               ro code  0x080013c4   0x280  stm32f3xx_hal_rcc.o [1]
  .text               ro code  0x08001644    0xd4  stm32f3xx_hal_cortex.o [1]
  .text               ro code  0x08001718   0x1a4  stm32f3xx_hal_gpio.o [1]
  .text               ro code  0x080018bc   0x766  stm32f3xx_hal_spi.o [1]
  .text               ro code  0x08002024    0x54  stm32f3xx_hal.o [1]
  .text               ro code  0x08002078   0x9f0  stm32f3xx_hal_tim.o [1]
  .text               ro code  0x08002a68   0x278  stm32f3xx_hal_tim_ex.o [1]
  .text               ro code  0x08002ce0   0x4a8  stm32f3xx_hal_uart.o [1]
  .text               ro code  0x08003188   0x19a  stm32f3xx_hal_pcd.o [1]
  .text               ro code  0x08003324   0x24c  stm32f3xx_hal_msp.o [1]
  .text               ro code  0x08003570   0x18c  pwmIn.o [1]
  .text               ro code  0x080036fc   0x914  tasks.o [1]
  .text               ro code  0x08004010   0x2b4  cmsis_os.o [1]
  .text               ro code  0x080042c4    0x30  I32ToDbl.o [4]
  .text               ro code  0x080042f4    0xe8  DblAdd.o [4]
  .text               ro code  0x080043dc    0x90  DblToFlt.o [4]
  CODE                ro code  0x0800446c    0x9c  portasm.o [1]
  .text               ro code  0x08004508   0x1a0  heap_4.o [1]
  .text               ro code  0x080046a8    0x3a  ABImemset48.o [5]
  .text               ro code  0x080046e2    0xb4  list.o [1]
  .text               ro code  0x08004798   0x1d4  port.o [1]
  .text               ro code  0x0800496c   0x620  queue.o [1]
  .text               ro code  0x08004f8c   0x16c  DblSub.o [4]
  .text               ro code  0x080050f8    0x76  ABImemcpy_unaligned.o [5]
  .text               ro code  0x08005170   0x854  sensor.o [1]
  .text               ro code  0x080059c4   0x1a2  DblMul.o [4]
  .text               ro code  0x08005b68    0x4e  FltToDbl.o [4]
  .text               ro code  0x08005bb8   0x100  sqrt.o [4]
  .text               ro code  0x08005cb8   0x256  DblDiv.o [4]
  .text               ro code  0x08005f10    0xc0  atan.o [4]
  .text               ro code  0x08005fd0     0xc  iarEdom.o [5]
  .text               ro code  0x08005fdc    0x2e  DblCmpLe.o [4]
  .text               ro code  0x0800600c    0x2e  DblCmpGe.o [4]
  .text               ro code  0x08006040   0x1f0  xatan.o [4]
  .text               ro code  0x08006230     0xc  errno.o [3]
  .text               ro code  0x0800623c     0x2  xtls.o [3]
  .text               ro code  0x08006240   0x56c  automaticControl.o [1]
  .text               ro code  0x080067ac     0x8  abs.o [3]
  .text               ro code  0x080067b4   0x3f4  Filter.o [1]
  .text               ro code  0x08006ba8   0x140  main.o [1]
  .text               ro code  0x08006ce8    0x5c  watchdog.o [1]
  .text               ro code  0x08006d44    0xd4  controlThread.o [1]
  .text               ro code  0x08006e18    0xd0  packbits_init.o [5]
  .text               ro code  0x08006ee8     0x6  abort.o [3]
  .text               ro code  0x08006ef0    0x14  exit.o [6]
  .text               ro code  0x08006f04    0xa4  analys.o [1]
  .text               ro code  0x08006fa8    0x68  system_stm32f3xx.o [1]
  .text               ro code  0x08007010    0x40  zero_init3.o [5]
  .text               ro code  0x08007050    0x30  stm32f3xx_it.o [1]
  .rodata             const    0x08007080    0x28  main.o [1]
  .text               ro code  0x080070a8    0x28  data_init.o [5]
  .text               ro code  0x080070d0    0x22  fpinit_M.o [4]
  .iar.init_table     const    0x080070f4    0x2c  - Linker created -
  .text               ro code  0x08007120    0x1a  cmain.o [5]
  .text               ro code  0x0800713a     0x4  low_level_init.o [3]
  .text               ro code  0x0800713e     0x4  exit.o [3]
  .text               ro code  0x08007144     0xa  cexit.o [5]
  .text               ro code  0x08007150    0x10  startup_stm32f303xc.o [1]
  .text               ro code  0x08007160     0xc  cstartup_M.o [5]
  .text               ro code  0x0800716c     0x4  startup_stm32f303xc.o [1]
  .text               ro code  0x08007170     0x4  startup_stm32f303xc.o [1]
  .text               ro code  0x08007174     0x4  startup_stm32f303xc.o [1]
  .text               ro code  0x08007178     0x4  startup_stm32f303xc.o [1]
  .text               ro code  0x0800717c     0x4  startup_stm32f303xc.o [1]
  .text               ro code  0x08007180     0x4  startup_stm32f303xc.o [1]
  .text               ro code  0x08007184     0x4  startup_stm32f303xc.o [1]
  .text               ro code  0x08007188     0x4  startup_stm32f303xc.o [1]
  .text               ro code  0x0800718c     0x4  startup_stm32f303xc.o [1]
  .text               ro code  0x08007190     0x4  startup_stm32f303xc.o [1]
  .text               ro code  0x08007194     0x4  startup_stm32f303xc.o [1]
  .text               ro code  0x08007198     0x4  startup_stm32f303xc.o [1]
  .text               ro code  0x0800719c     0x4  startup_stm32f303xc.o [1]
  .text               ro code  0x080071a0     0x4  startup_stm32f303xc.o [1]
  .text               ro code  0x080071a4     0x4  startup_stm32f303xc.o [1]
  .text               ro code  0x080071a8     0x4  startup_stm32f303xc.o [1]
  .text               ro code  0x080071ac     0x4  startup_stm32f303xc.o [1]
  .text               ro code  0x080071b0     0x4  startup_stm32f303xc.o [1]
  .text               ro code  0x080071b4     0x4  startup_stm32f303xc.o [1]
  .text               ro code  0x080071b8     0x4  startup_stm32f303xc.o [1]
  .text               ro code  0x080071bc     0x4  startup_stm32f303xc.o [1]
  .text               ro code  0x080071c0     0x4  startup_stm32f303xc.o [1]
  .text               ro code  0x080071c4     0x4  startup_stm32f303xc.o [1]
  .text               ro code  0x080071c8     0x4  startup_stm32f303xc.o [1]
  .text               ro code  0x080071cc     0x4  startup_stm32f303xc.o [1]
  .text               ro code  0x080071d0     0x4  startup_stm32f303xc.o [1]
  .text               ro code  0x080071d4     0x4  startup_stm32f303xc.o [1]
  .text               ro code  0x080071d8     0x4  startup_stm32f303xc.o [1]
  .text               ro code  0x080071dc     0x4  startup_stm32f303xc.o [1]
  .text               ro code  0x080071e0     0x4  startup_stm32f303xc.o [1]
  .text               ro code  0x080071e4     0x4  startup_stm32f303xc.o [1]
  .text               ro code  0x080071e8     0x4  startup_stm32f303xc.o [1]
  .text               ro code  0x080071ec     0x4  startup_stm32f303xc.o [1]
  .text               ro code  0x080071f0     0x4  startup_stm32f303xc.o [1]
  .text               ro code  0x080071f4     0x4  startup_stm32f303xc.o [1]
  .text               ro code  0x080071f8     0x4  startup_stm32f303xc.o [1]
  .text               ro code  0x080071fc     0x4  startup_stm32f303xc.o [1]
  .text               ro code  0x08007200     0x4  startup_stm32f303xc.o [1]
  .text               ro code  0x08007204     0x4  startup_stm32f303xc.o [1]
  .text               ro code  0x08007208     0x4  startup_stm32f303xc.o [1]
  .text               ro code  0x0800720c     0x4  startup_stm32f303xc.o [1]
  .text               ro code  0x08007210     0x4  startup_stm32f303xc.o [1]
  .text               ro code  0x08007214     0x4  startup_stm32f303xc.o [1]
  .text               ro code  0x08007218     0x4  startup_stm32f303xc.o [1]
  .text               ro code  0x0800721c     0x4  startup_stm32f303xc.o [1]
  .text               ro code  0x08007220     0x4  startup_stm32f303xc.o [1]
  .text               ro code  0x08007224     0x4  startup_stm32f303xc.o [1]
  .text               ro code  0x08007228     0x4  startup_stm32f303xc.o [1]
  .text               ro code  0x0800722c     0x4  startup_stm32f303xc.o [1]
  .text               ro code  0x08007230     0x4  startup_stm32f303xc.o [1]
  .text               ro code  0x08007234     0x4  startup_stm32f303xc.o [1]
  .text               ro code  0x08007238     0x4  startup_stm32f303xc.o [1]
  .text               ro code  0x0800723c     0x4  startup_stm32f303xc.o [1]
  .text               ro code  0x08007240     0x4  startup_stm32f303xc.o [1]
  .text               ro code  0x08007244     0x4  startup_stm32f303xc.o [1]
  .text               ro code  0x08007248     0x4  startup_stm32f303xc.o [1]
  .text               ro code  0x0800724c     0x4  startup_stm32f303xc.o [1]
  .text               ro code  0x08007250     0x4  startup_stm32f303xc.o [1]
  .text               ro code  0x08007254     0x4  startup_stm32f303xc.o [1]
  .text               ro code  0x08007258     0x4  startup_stm32f303xc.o [1]
  .text               ro code  0x0800725c     0x4  startup_stm32f303xc.o [1]
  .text               ro code  0x08007260     0x4  startup_stm32f303xc.o [1]
  .text               ro code  0x08007264     0x4  startup_stm32f303xc.o [1]
  .text               ro code  0x08007268     0x4  startup_stm32f303xc.o [1]
  .text               ro code  0x0800726c     0x4  startup_stm32f303xc.o [1]
  .text               ro code  0x08007270     0x4  startup_stm32f303xc.o [1]
  .text               ro code  0x08007274     0x4  startup_stm32f303xc.o [1]
  .text               ro code  0x08007278     0x4  startup_stm32f303xc.o [1]
  .text               ro code  0x0800727c     0x4  startup_stm32f303xc.o [1]
  .text               ro code  0x08007280     0x4  startup_stm32f303xc.o [1]
  .rodata             const    0x08007284     0x0  zero_init3.o [5]
  .rodata             const    0x08007284     0x0  packbits_init.o [5]
  Initializer bytes   const    0x08007284    0xd6  <for P2 s0>
                             - 0x0800735a  0x71d2

"P2":                                      0x23b0
  P2 s0                        0x20000000  0x1a2c  <Init block>
    .data             inited   0x20000000  0x1014  heap_4.o [1]
    .data             inited   0x20001014   0x86c  tasks.o [1]
    .data             inited   0x20001880   0x124  automaticControl.o [1]
    .data             inited   0x200019a4    0x28  Filter.o [1]
    .data             inited   0x200019cc    0x28  Filter.o [1]
    .data             inited   0x200019f4    0x14  controlThread.o [1]
    .data             inited   0x20001a08    0x14  system_stm32f3xx.o [1]
    .data             inited   0x20001a1c     0xc  port.o [1]
    __DLIB_PERTHREAD  inited   0x20001a28     0x4  errno.o [3]
  .bss                zero     0x20001a2c   0x4a0  systemInit.o [1]
  .bss                zero     0x20001ecc    0x68  Filter.o [1]
  .bss                zero     0x20001f34    0x18  pwmIn.o [1]
  .bss                zero     0x20001f4c    0x14  main.o [1]
  .bss                zero     0x20001f60    0x10  analys.o [1]
  .bss                zero     0x20001f70    0x10  controlThread.o [1]
  .bss                zero     0x20001f80    0x10  controlThread.o [1]
  .bss                zero     0x20001f90     0x4  Filter.o [1]
  .bss                zero     0x20001f94     0x4  Filter.o [1]
  .bss                zero     0x20001f98     0x4  Filter.o [1]
  .bss                zero     0x20001f9c     0x4  main.o [1]
  .bss                zero     0x20001fa0     0x4  main.o [1]
  .bss                zero     0x20001fa4     0x4  stm32f3xx_hal.o [1]
  .bss                zero     0x20001fa8     0x1  main.o [1]
  .bss                zero     0x20001fa9     0x1  main.o [1]
  CSTACK                       0x20001fb0   0x400  <Block>
    CSTACK            uninit   0x20001fb0   0x400  <Block tail>
                             - 0x200023b0  0x23b0


*******************************************************************************
*** INIT TABLE
***

          Address     Size
          -------     ----
Zero (__iar_zero_init3)
    1 destination range, total size 0x57e:
          0x20001a2c   0x57e

Copy/packbits (__iar_packbits_init3)
    1 source range, total size 0xd6 (3% of destination):
          0x08007284    0xd6
    1 destination range, total size 0x1a2c:
          0x20000000  0x1a2c



*******************************************************************************
*** MODULE SUMMARY
***

    Module                  ro code  ro data  rw data
    ------                  -------  -------  -------
C:\Users\Simojjen\Documents\KTH\Quadkopter_master_v1.0\Quadcopter\QuadroHT15_v2-1\EWARM\QuadroHT15_v2-1_Configuration\Obj: [1]
    Filter.o                  1 012        3      196
    analys.o                    164                16
    automaticControl.o        1 388        9      292
    cmsis_os.o                  692
    controlThread.o             212                52
    heap_4.o                    416      131    4 116
    list.o                      180
    main.o                      320       40       30
    port.o                      468                12
    portasm.o                   156
    pwmIn.o                     396                24
    queue.o                   1 568
    sensor.o                  2 132
    startup_stm32f303xc.o       688
    stm32f3xx_hal.o              84                 4
    stm32f3xx_hal_cortex.o      212
    stm32f3xx_hal_gpio.o        420
    stm32f3xx_hal_msp.o         588
    stm32f3xx_hal_pcd.o         410
    stm32f3xx_hal_rcc.o         640
    stm32f3xx_hal_rcc_ex.o    1 248
    stm32f3xx_hal_spi.o       1 894
    stm32f3xx_hal_tim.o       2 544
    stm32f3xx_hal_tim_ex.o      632
    stm32f3xx_hal_uart.o      1 192
    stm32f3xx_it.o               48
    systemInit.o              3 420             1 184
    system_stm32f3xx.o          104        1       20
    tasks.o                   2 324       69    2 156
    watchdog.o                   92
    -------------------------------------------------
    Total:                   25 644      253    8 102

command line: [2]
    -------------------------------------------------
    Total:

dl7M_tln.a: [3]
    abort.o                       6
    abs.o                         8
    errno.o                      12        1        4
    exit.o                        4
    low_level_init.o              4
    xtls.o                        2
    -------------------------------------------------
    Total:                       36        1        4

m7M_tls.a: [4]
    DblAdd.o                    232
    DblCmpGe.o                   46
    DblCmpLe.o                   46
    DblDiv.o                    598
    DblMul.o                    418
    DblSub.o                    364
    DblToFlt.o                  144
    FltToDbl.o                   78
    I32ToDbl.o                   48
    atan.o                      192
    fpinit_M.o                   34
    sqrt.o                      256
    xatan.o                     496
    -------------------------------------------------
    Total:                    2 952

rt7M_tl.a: [5]
    ABImemcpy_unaligned.o       118
    ABImemset48.o                58
    cexit.o                      10
    cmain.o                      26
    cstartup_M.o                 12
    data_init.o                  40
    iarEdom.o                    12
    packbits_init.o             208
    zero_init3.o                 64
    -------------------------------------------------
    Total:                      548

shb_l.a: [6]
    exit.o                       20
    -------------------------------------------------
    Total:                       20

    Gaps                         30        2
    Linker created                        44    1 024
-----------------------------------------------------
    Grand Total:             29 230      300    9 130


*******************************************************************************
*** ENTRY LIST
***

Entry                      Address    Size  Type      Object
-----                      -------    ----  ----      ------
.iar.init_table$$Base   0x080070f4           --   Gb  - Linker created -
.iar.init_table$$Limit  0x08007120           --   Gb  - Linker created -
?main                   0x08007121          Code  Gb  cmain.o [5]
AHBPrescTable           0x20001a0c    0x10  Data  Gb  system_stm32f3xx.o [1]
APBAHBPrescTable        0x08001634    0x10  Data  Gb  stm32f3xx_hal_rcc.o [1]
CSTACK$$Base            0x20001fb0           --   Gb  - Linker created -
CSTACK$$Limit           0x200023b0           --   Gb  - Linker created -
HAL_GPIO_Init           0x08001719   0x16c  Code  Gb  stm32f3xx_hal_gpio.o [1]
HAL_GPIO_ReadPin        0x08001885     0xe  Code  Gb  stm32f3xx_hal_gpio.o [1]
HAL_GPIO_WritePin       0x08001893     0xa  Code  Gb  stm32f3xx_hal_gpio.o [1]
HAL_GetTick             0x0800206d     0x6  Code  Wk  stm32f3xx_hal.o [1]
HAL_IncTick             0x08002063     0xa  Code  Wk  stm32f3xx_hal.o [1]
HAL_Init                0x08002025    0x1a  Code  Gb  stm32f3xx_hal.o [1]
HAL_InitTick            0x0800203f    0x24  Code  Wk  stm32f3xx_hal.o [1]
HAL_MspInit             0x08003325    0x26  Code  Gb  stm32f3xx_hal_msp.o [1]
HAL_NVIC_EnableIRQ      0x080016b7    0x12  Code  Gb  stm32f3xx_hal_cortex.o [1]
HAL_NVIC_SetPriority    0x0800165f    0x58  Code  Gb  stm32f3xx_hal_cortex.o [1]
HAL_NVIC_SetPriorityGrouping
                        0x08001645    0x1a  Code  Gb  stm32f3xx_hal_cortex.o [1]
HAL_PCD_Init            0x08003189   0x19a  Code  Gb  stm32f3xx_hal_pcd.o [1]
HAL_PCD_MspInit         0x08003505    0x3c  Code  Gb  stm32f3xx_hal_msp.o [1]
HAL_RCCEx_PeriphCLKConfig
                        0x08000ee5   0x18a  Code  Gb  stm32f3xx_hal_rcc_ex.o [1]
HAL_RCC_ClockConfig     0x080013c5   0x1ec  Code  Gb  stm32f3xx_hal_rcc.o [1]
HAL_RCC_GetHCLKFreq     0x080015b1    0x22  Code  Gb  stm32f3xx_hal_rcc.o [1]
HAL_RCC_GetPCLK1Freq    0x080015d3    0x28  Code  Gb  stm32f3xx_hal_rcc.o [1]
HAL_RCC_GetPCLK2Freq    0x080015fb    0x28  Code  Gb  stm32f3xx_hal_rcc.o [1]
HAL_RCC_GetSysClockFreq
                        0x0800134d    0x3a  Code  Gb  stm32f3xx_hal_rcc_ex.o [1]
HAL_RCC_OscConfig       0x0800106f   0x2de  Code  Gb  stm32f3xx_hal_rcc_ex.o [1]
HAL_SPI_Init            0x080018bd    0xb2  Code  Gb  stm32f3xx_hal_spi.o [1]
HAL_SPI_MspInit         0x0800334b    0x3a  Code  Gb  stm32f3xx_hal_msp.o [1]
HAL_SPI_Transmit        0x0800196f   0x28e  Code  Gb  stm32f3xx_hal_spi.o [1]
HAL_SPI_TransmitReceive
                        0x08001bfd   0x426  Code  Gb  stm32f3xx_hal_spi.o [1]
HAL_SYSTICK_CLKSourceConfig
                        0x080016eb    0x14  Code  Gb  stm32f3xx_hal_cortex.o [1]
HAL_SYSTICK_Config      0x080016c9    0x22  Code  Gb  stm32f3xx_hal_cortex.o [1]
HAL_TIMEx_BreakCallback
                        0x08002cdf     0x2  Code  Wk  stm32f3xx_hal_tim_ex.o [1]
HAL_TIMEx_CommutationCallback
                        0x08002cdd     0x2  Code  Wk  stm32f3xx_hal_tim_ex.o [1]
HAL_TIMEx_MasterConfigSynchronization
                        0x08002c85    0x4e  Code  Gb  stm32f3xx_hal_tim_ex.o [1]
HAL_TIM_Base_Init       0x08002079    0xd0  Code  Gb  stm32f3xx_hal_tim.o [1]
HAL_TIM_Base_MspInit    0x080033db    0xc6  Code  Gb  stm32f3xx_hal_msp.o [1]
HAL_TIM_Base_Start_IT   0x08002149    0x16  Code  Gb  stm32f3xx_hal_tim.o [1]
HAL_TIM_ConfigClockSource
                        0x080026c1   0x19e  Code  Gb  stm32f3xx_hal_tim.o [1]
HAL_TIM_IC_CaptureCallback
                        0x08003639    0x9c  Code  Gb  pwmIn.o [1]
HAL_TIM_IC_ConfigChannel
                        0x0800251f   0x1a0  Code  Gb  stm32f3xx_hal_tim.o [1]
HAL_TIM_IC_Init         0x0800228d    0xcc  Code  Gb  stm32f3xx_hal_tim.o [1]
HAL_TIM_IC_MspInit      0x0800235d     0x2  Code  Wk  stm32f3xx_hal_tim.o [1]
HAL_TIM_IC_Start_IT     0x08002361    0x5c  Code  Gb  stm32f3xx_hal_tim.o [1]
HAL_TIM_IRQHandler      0x080023d5   0x14a  Code  Gb  stm32f3xx_hal_tim.o [1]
HAL_TIM_OC_DelayElapsedCallback
                        0x08002861     0x2  Code  Wk  stm32f3xx_hal_tim.o [1]
HAL_TIM_PWM_ConfigChannel
                        0x08002b4d   0x138  Code  Gb  stm32f3xx_hal_tim_ex.o [1]
HAL_TIM_PWM_Init        0x0800215f    0xd0  Code  Gb  stm32f3xx_hal_tim.o [1]
HAL_TIM_PWM_MspInit     0x08003385    0x56  Code  Gb  stm32f3xx_hal_msp.o [1]
HAL_TIM_PWM_PulseFinishedCallback
                        0x08002863     0x2  Code  Wk  stm32f3xx_hal_tim.o [1]
HAL_TIM_PWM_Start       0x0800222f    0x46  Code  Gb  stm32f3xx_hal_tim.o [1]
HAL_TIM_PeriodElapsedCallback
                        0x0800285f     0x2  Code  Wk  stm32f3xx_hal_tim.o [1]
HAL_TIM_TriggerCallback
                        0x08002865     0x2  Code  Wk  stm32f3xx_hal_tim.o [1]
HAL_UART_Init           0x08002ce1    0x5e  Code  Gb  stm32f3xx_hal_uart.o [1]
HAL_UART_MspInit        0x080034a1    0x64  Code  Gb  stm32f3xx_hal_msp.o [1]
HAL_UART_Transmit       0x08002d41   0x112  Code  Gb  stm32f3xx_hal_uart.o [1]
InStream_Read           0x08006e19    0x22  Code  Lc  packbits_init.o [5]
LBmotor                 0x20001990     0x4  Data  Gb  automaticControl.o [1]
LFmotor                 0x20001988     0x4  Data  Gb  automaticControl.o [1]
MAIN_FREQUENCY          0x080070a4     0x4  Data  Gb  main.o [1]
PIDoutput               0x2000190c     0x4  Data  Gb  automaticControl.o [1]
PIDoutputGyro           0x20001920     0x4  Data  Gb  automaticControl.o [1]
PIDoutputGyroPitch      0x20001958     0x4  Data  Gb  automaticControl.o [1]
PIDoutputGyroYaw        0x2000197c     0x4  Data  Gb  automaticControl.o [1]
PIDoutputPitch          0x20001944     0x4  Data  Gb  automaticControl.o [1]
PLLMULFactorTable       0x080013a4    0x10  Data  Gb  stm32f3xx_hal_rcc_ex.o [1]
PP                      0x200019a4    0x10  Data  Gb  Filter.o [1]
PR                      0x200019cc    0x10  Data  Gb  Filter.o [1]
PendSV_Handler          0x0800446d          Code  Gb  portasm.o [1]
PredivFactorTable       0x080013b4    0x10  Data  Gb  stm32f3xx_hal_rcc_ex.o [1]
Q_anglePitch            0x200019c0     0x4  Data  Gb  Filter.o [1]
Q_angleRoll             0x200019e8     0x4  Data  Gb  Filter.o [1]
Q_biasPitch             0x200019c4     0x4  Data  Gb  Filter.o [1]
Q_biasRoll              0x200019ec     0x4  Data  Gb  Filter.o [1]
RBmotor                 0x2000198c     0x4  Data  Gb  automaticControl.o [1]
RFmotor                 0x20001984     0x4  Data  Gb  automaticControl.o [1]
R_measurePitch          0x200019c8     0x4  Data  Gb  Filter.o [1]
R_measureRoll           0x200019f0     0x4  Data  Gb  Filter.o [1]
Region$$Table$$Base     0x080070f4           --   Gb  - Linker created -
Region$$Table$$Limit    0x08007120           --   Gb  - Linker created -
SVC_Handler             0x080044c9          Code  Gb  portasm.o [1]
StartAnalysTask         0x08006f05    0xa4  Code  Gb  analys.o [1]
StartMainTask           0x08006d45    0xbc  Code  Gb  controlThread.o [1]
StartPwmInTask          0x08003571    0xc8  Code  Gb  pwmIn.o [1]
SysTick_Handler         0x08007051    0x1c  Code  Gb  stm32f3xx_it.o [1]
SystemClock_Config      0x08000189    0x80  Code  Gb  systemInit.o [1]
SystemCoreClock         0x20001a08     0x4  Data  Gb  system_stm32f3xx.o [1]
SystemInit              0x08006fa9    0x54  Code  Gb  system_stm32f3xx.o [1]
TIM3_IRQHandler         0x0800706d     0x6  Code  Gb  stm32f3xx_it.o [1]
TIM4_IRQHandler         0x08007073     0x6  Code  Gb  stm32f3xx_it.o [1]
TIM_OC1_SetConfig       0x08002867    0x7e  Code  Gb  stm32f3xx_hal_tim.o [1]
TIM_OC2_SetConfig       0x080028ed    0x76  Code  Gb  stm32f3xx_hal_tim.o [1]
TIM_OC3_SetConfig       0x08002971    0x74  Code  Gb  stm32f3xx_hal_tim.o [1]
TIM_OC4_SetConfig       0x080029e9    0x58  Code  Gb  stm32f3xx_hal_tim.o [1]
TIM_OC5_SetConfig       0x08002a69    0x62  Code  Lc  stm32f3xx_hal_tim_ex.o [1]
TIM_OC6_SetConfig       0x08002acb    0x64  Code  Lc  stm32f3xx_hal_tim_ex.o [1]
ThrustOnMotor           0x20001980     0x4  Data  Gb  automaticControl.o [1]
UART_AdvFeatureConfig   0x0800302d    0xc6  Code  Gb  stm32f3xx_hal_uart.o [1]
UART_CheckIdleState     0x080030f3    0x96  Code  Gb  stm32f3xx_hal_uart.o [1]
UART_SetConfig          0x08002e55   0x1b4  Code  Gb  stm32f3xx_hal_uart.o [1]
__aeabi_cdcmple         0x08005fdd          Code  Gb  DblCmpLe.o [4]
__aeabi_cdrcmple        0x0800600d          Code  Gb  DblCmpGe.o [4]
__aeabi_d2f             0x080043dd          Code  Gb  DblToFlt.o [4]
__aeabi_dadd            0x080042f5          Code  Gb  DblAdd.o [4]
__aeabi_ddiv            0x08005cb9          Code  Gb  DblDiv.o [4]
__aeabi_dmul            0x080059c5          Code  Gb  DblMul.o [4]
__aeabi_errno_addr      0x08006231     0x6  Code  Gb  errno.o [3]
__aeabi_f2d             0x08005b69          Code  Gb  FltToDbl.o [4]
__aeabi_i2d             0x080042c5          Code  Gb  I32ToDbl.o [4]
__aeabi_memset4         0x080046a9          Code  Gb  ABImemset48.o [5]
__aeabi_memset8         0x080046a9          Code  Gb  ABImemset48.o [5]
__aeabi_ui2d            0x080042d9          Code  Gb  I32ToDbl.o [4]
__cmain                 0x08007121          Code  Gb  cmain.o [5]
__exit                  0x08006ef1    0x14  Code  Gb  exit.o [6]
__iar_Atan              0x08006041   0x158  Code  Gb  xatan.o [4]
__iar_Errno             0x20001a28     0x4  Data  Gb  errno.o [3]
__iar_Memset4_word      0x080046b1          Code  Gb  ABImemset48.o [5]
__iar_Memset8_word      0x080046b1          Code  Gb  ABImemset48.o [5]
__iar_dadd              0x08004309          Code  Gb  DblAdd.o [4]
__iar_data_init3        0x080070a9    0x28  Code  Gb  data_init.o [5]
__iar_dlib_perthread_access
                        0x0800623d     0x2  Code  Gb  xtls.o [3]
__iar_dsub              0x08004f8d          Code  Gb  DblSub.o [4]
__iar_dsubStart         0x08004f9f          Code  Gb  DblSub.o [4]
__iar_edom              0x08005fd1          Code  Gb  iarEdom.o [5]
__iar_init_vfp          0x080070d1          Code  Gb  fpinit_M.o [4]
__iar_packbits_init3    0x08006e3b    0xae  Code  Gb  packbits_init.o [5]
__iar_program_start     0x08007161          Code  Gb  cstartup_M.o [5]
__iar_sqrt              0x08005bc9          Code  Gb  sqrt.o [4]
__iar_ui2d              0x080042dd          Code  Gb  I32ToDbl.o [4]
__iar_unaligned___aeabi_memcpy
                        0x080050f9          Code  Gb  ABImemcpy_unaligned.o [5]
__iar_unaligned___aeabi_memcpy4
                        0x08005119          Code  Gb  ABImemcpy_unaligned.o [5]
__iar_unaligned___aeabi_memcpy8
                        0x08005119          Code  Gb  ABImemcpy_unaligned.o [5]
__iar_vfp_atan          0x08005fc1    0x10  Code  Gb  atan.o [4]
__iar_vfp_sqrt          0x08005bb9          Code  Gb  sqrt.o [4]
__iar_vfp_sqrtl         0x08005bb9          Code  Gb  sqrt.o [4]
__iar_zero_init3        0x08007011    0x40  Code  Gb  zero_init3.o [5]
__low_level_init        0x0800713b     0x4  Code  Gb  low_level_init.o [3]
__vector_table          0x08000000          Data  Gb  startup_stm32f303xc.o [1]
_call_main              0x0800712d          Code  Gb  cmain.o [5]
_exit                   0x08007145          Code  Gb  cexit.o [5]
_main                   0x08007137          Code  Gb  cmain.o [5]
a                       0x080061f0    0x40  Data  Lc  xatan.o [4]
abort                   0x08006ee9     0x6  Code  Gb  abort.o [3]
abs                     0x080067ad     0x8  Code  Gb  abs.o [3]
acc_pitch               0x20001f24     0x4  Data  Gb  Filter.o [1]
acc_roll                0x20001f28     0x4  Data  Gb  Filter.o [1]
analysTaskHandle        0x20001f54     0x4  Data  Gb  main.o [1]
analys_mailbox          0x20001f5c     0x4  Data  Gb  main.o [1]
atan                    0x08005f11    0x9a  Code  Gb  atan.o [4]
automaticControl        0x08006241   0x554  Code  Gb  automaticControl.o [1]
complementaryFilter     0x08006a81    0xfa  Code  Gb  Filter.o [1]
copy_osThreadDef_UD_t   0x08006ce9    0x5c  Code  Gb  watchdog.o [1]
derivate                0x20001904     0x4  Data  Gb  automaticControl.o [1]
derivateGyro            0x2000191c     0x4  Data  Gb  automaticControl.o [1]
derivateGyroPitch       0x20001954     0x4  Data  Gb  automaticControl.o [1]
derivateGyroYaw         0x20001978     0x4  Data  Gb  automaticControl.o [1]
derivatePitch           0x2000193c     0x4  Data  Gb  automaticControl.o [1]
desired_pitch_angle     0x20001938     0x4  Data  Gb  automaticControl.o [1]
desired_roll_angle      0x20001900     0x4  Data  Gb  automaticControl.o [1]
desired_yaw_angle       0x2000196c     0x4  Data  Gb  automaticControl.o [1]
dt                      0x20001f2c     0x4  Data  Gb  Filter.o [1]
emergency               0x20001f44     0x4  Data  Lc  pwmIn.o [1]
error                   0x200018ec     0x4  Data  Gb  automaticControl.o [1]
errorGyro               0x200018e8     0x4  Data  Gb  automaticControl.o [1]
errorGyroPitch          0x2000192c     0x4  Data  Gb  automaticControl.o [1]
errorGyroYaw            0x20001964     0x4  Data  Gb  automaticControl.o [1]
errorPitch              0x20001930     0x4  Data  Gb  automaticControl.o [1]
errorYaw                0x20001968     0x4  Data  Gb  automaticControl.o [1]
exit                    0x0800713f     0x4  Code  Gb  exit.o [3]
filtered_pitch_angle    0x20001934     0x4  Data  Gb  automaticControl.o [1]
filtered_roll_angle     0x200018fc     0x4  Data  Gb  automaticControl.o [1]
gAnalysWDCheckback      0x20001f6c     0x4  Data  Gb  analys.o [1]
gMainloopWDCheckback    0x200019f4     0x4  Data  Gb  controlThread.o [1]
gPwmInWDCheckback       0x20001f48     0x4  Data  Gb  pwmIn.o [1]
getAnglePitch           0x080067b5    0xb6  Code  Gb  Filter.o [1]
getAngleRoll            0x0800686b    0xb6  Code  Gb  Filter.o [1]
gyroIndex               0x20001998     0x4  Data  Gb  automaticControl.o [1]
gyroIndexPitch          0x2000199c     0x4  Data  Gb  automaticControl.o [1]
gyroIndexYaw            0x200019a0     0x4  Data  Gb  automaticControl.o [1]
gyroRunning             0x20001880    0x20  Data  Gb  automaticControl.o [1]
gyroRunningPitch        0x200018a0    0x20  Data  Gb  automaticControl.o [1]
gyroRunningYaw          0x200018c0    0x20  Data  Gb  automaticControl.o [1]
gyro_desired            0x20001910     0x4  Data  Gb  automaticControl.o [1]
gyro_desiredPitch       0x20001948     0x4  Data  Gb  automaticControl.o [1]
gyro_pitch              0x20001f90     0x4  Data  Gb  Filter.o [1]
gyro_rate               0x20001914     0x4  Data  Gb  automaticControl.o [1]
gyro_ratePitch          0x2000194c     0x4  Data  Gb  automaticControl.o [1]
gyro_rateYaw            0x20001970     0x4  Data  Gb  automaticControl.o [1]
gyro_roll               0x20001f94     0x4  Data  Gb  Filter.o [1]
hpcd_USB_FS             0x20001b64   0x220  Data  Gb  systemInit.o [1]
hspi2                   0x20001a2c    0x60  Data  Gb  systemInit.o [1]
htim1                   0x20001d84    0x3c  Data  Gb  systemInit.o [1]
htim2                   0x20001dfc    0x3c  Data  Gb  systemInit.o [1]
htim3                   0x20001e38    0x3c  Data  Gb  systemInit.o [1]
htim4                   0x20001e74    0x3c  Data  Gb  systemInit.o [1]
htim8                   0x20001dc0    0x3c  Data  Gb  systemInit.o [1]
huart2                  0x20001a8c    0x6c  Data  Gb  systemInit.o [1]
huart3                  0x20001af8    0x6c  Data  Gb  systemInit.o [1]
iNemo                   0x20001fa8     0x1  Data  Gb  main.o [1]
iNemo_init              0x08000501   0x388  Code  Gb  systemInit.o [1]
integral                0x20001908     0x4  Data  Gb  automaticControl.o [1]
integralGyro            0x20001918     0x4  Data  Gb  automaticControl.o [1]
integralGyroPitch       0x20001950     0x4  Data  Gb  automaticControl.o [1]
integralGyroYaw         0x20001974     0x4  Data  Gb  automaticControl.o [1]
integralPitch           0x20001940     0x4  Data  Gb  automaticControl.o [1]
kalman                  0x20001fa9     0x1  Data  Gb  main.o [1]
kalmanFilter            0x08006921   0x15c  Code  Gb  Filter.o [1]
kanglePitch             0x200019bc     0x4  Data  Gb  Filter.o [1]
kangleRoll              0x200019e4     0x4  Data  Gb  Filter.o [1]
kbiasPitch              0x200019b8     0x4  Data  Gb  Filter.o [1]
kbiasRoll               0x200019e0     0x4  Data  Gb  Filter.o [1]
kd                      0x200018f8     0x4  Data  Gb  automaticControl.o [1]
ki                      0x200018f4     0x4  Data  Gb  automaticControl.o [1]
kp                      0x200018f0     0x4  Data  Gb  automaticControl.o [1]
kratePitch              0x200019b4     0x4  Data  Gb  Filter.o [1]
krateRoll               0x200019dc     0x4  Data  Gb  Filter.o [1]
l3gd20h_Init            0x08000889   0x184  Code  Lc  systemInit.o [1]
l3gd20h_Read_X          0x08005631    0x94  Code  Gb  sensor.o [1]
l3gd20h_Read_Y          0x080056c5    0x94  Code  Gb  sensor.o [1]
l3gd20h_Read_Z          0x0800575d    0x94  Code  Gb  sensor.o [1]
lastErr                 0x200018e0     0x4  Data  Gb  automaticControl.o [1]
lastErrGyro             0x200018e4     0x4  Data  Gb  automaticControl.o [1]
lastErrGyroPitch        0x20001928     0x4  Data  Gb  automaticControl.o [1]
lastErrGyroYaw          0x20001960     0x4  Data  Gb  automaticControl.o [1]
lastErrPitch            0x20001924     0x4  Data  Gb  automaticControl.o [1]
lastErrYaw              0x2000195c     0x4  Data  Gb  automaticControl.o [1]
last_pitch_angle        0x20001f1c     0x4  Data  Lc  Filter.o [1]
last_roll_angle         0x20001f20     0x4  Data  Lc  Filter.o [1]
lis3dh_Init             0x08000209   0x2f8  Code  Lc  systemInit.o [1]
lis3dh_Read_X           0x080057f1    0x92  Code  Gb  sensor.o [1]
lis3dh_Read_Y           0x08005883    0x8e  Code  Gb  sensor.o [1]
lis3dh_Read_Z           0x08005911    0x8a  Code  Gb  sensor.o [1]
main                    0x08006ba9    0xde  Code  Gb  main.o [1]
mainTaskHandle          0x20001f4c     0x4  Data  Gb  main.o [1]
numbers                 0x20001f60     0xc  Data  Gb  analys.o [1]
osDelay                 0x08004077    0x12  Code  Gb  cmsis_os.o [1]
osKernelStart           0x08004011    0x36  Code  Gb  cmsis_os.o [1]
osMailAlloc             0x080041b5     0xc  Code  Gb  cmsis_os.o [1]
osMailCreate            0x080040f3    0xc2  Code  Gb  cmsis_os.o [1]
osMailFree              0x08004291    0x34  Code  Gb  cmsis_os.o [1]
osMailGet               0x0800420f    0x7c  Code  Gb  cmsis_os.o [1]
osMailPut               0x080041c1    0x4e  Code  Gb  cmsis_os.o [1]
osPoolAlloc             0x08004089    0x6a  Code  Gb  cmsis_os.o [1]
osThreadCreate          0x08004047    0x30  Code  Gb  cmsis_os.o [1]
os_mailQ_cb_analys_mailbox
                        0x20001fa0     0x4  Data  Gb  main.o [1]
os_mailQ_cb_pwmIn_mailbox
                        0x20001f9c     0x4  Data  Gb  main.o [1]
os_mailQ_def_analys_mailbox
                        0x08006ca0     0xc  Data  Gb  main.o [1]
os_mailQ_def_pwmIn_mailbox
                        0x08006c94     0xc  Data  Gb  main.o [1]
pitch                   0x20001f38     0x4  Data  Lc  pwmIn.o [1]
pitchBuffer             0x20001f80    0x10  Data  Gb  controlThread.o [1]
pitchBufferPointer      0x20001a04     0x4  Data  Gb  controlThread.o [1]
pitchStartPointer       0x20001a00     0x4  Data  Gb  controlThread.o [1]
pitch_angle             0x20001ecc     0x4  Data  Gb  Filter.o [1]
pitch_integrate         0x20001f18     0x4  Data  Gb  Filter.o [1]
prvCopyDataFromQueue    0x08004efd    0x26  Code  Lc  queue.o [1]
prvCopyDataToQueue      0x08004e81    0x7c  Code  Lc  queue.o [1]
prvIdleTask             0x08003ed1    0x66  Code  Lc  tasks.o [1]
prvInsertBlockIntoFreeList
                        0x0800463f    0x64  Code  Lc  heap_4.o [1]
prvTaskExitError        0x080047bd    0x1a  Code  Lc  port.o [1]
prvUnlockQueue          0x08004f25    0x68  Code  Lc  queue.o [1]
pvPortMalloc            0x08004509    0xee  Code  Gb  heap_4.o [1]
pwmInTaskHandle         0x20001f50     0x4  Data  Gb  main.o [1]
pwmIn_mailbox           0x20001f58     0x4  Data  Gb  main.o [1]
pxCurrentTCB            0x20001050     0x4  Data  Gb  tasks.o [1]
pxDelayedTaskList       0x20001824     0x4  Data  Lc  tasks.o [1]
pxEnd                   0x20000008     0x4  Data  Lc  heap_4.o [1]
pxOverflowDelayedTaskList
                        0x20001828     0x4  Data  Lc  tasks.o [1]
pxPortInitialiseStack   0x08004799    0x22  Code  Gb  port.o [1]
pxReadyTasksLists       0x20001054   0x7d0  Data  Lc  tasks.o [1]
readSensors             0x08005171   0x4c0  Code  Gb  sensor.o [1]
read_data               0x08000a0d    0x58  Code  Gb  systemInit.o [1]
roll                    0x20001f3c     0x4  Data  Lc  pwmIn.o [1]
rollBuffer              0x20001f70    0x10  Data  Gb  controlThread.o [1]
rollBufferPointer       0x200019fc     0x4  Data  Gb  controlThread.o [1]
rollStartPointer        0x200019f8     0x4  Data  Gb  controlThread.o [1]
roll_angle              0x20001f98     0x4  Data  Gb  Filter.o [1]
roll_integrate          0x20001f14     0x4  Data  Gb  Filter.o [1]
running_average_filtered_pitch
                        0x20001ef0    0x20  Data  Gb  Filter.o [1]
running_average_filtered_roll
                        0x20001ed0    0x20  Data  Gb  Filter.o [1]
running_index           0x20001f10     0x1  Data  Gb  Filter.o [1]
sConfigOC               0x20001eb0    0x1c  Data  Gb  systemInit.o [1]
sqrt                    0x08005bc9          Code  Gb  sqrt.o [4]
sqrtl                   0x08005bc9          Code  Gb  sqrt.o [4]
start                   0x20001f30     0x4  Data  Gb  Filter.o [1]
systemInit              0x08000a65   0x454  Code  Gb  systemInit.o [1]
thrust                  0x20001f34     0x4  Data  Lc  pwmIn.o [1]
toLowIntegrate          0x20001994     0x4  Data  Gb  automaticControl.o [1]
ucHeap                  0x20000014  0x1000  Data  Lc  heap_4.o [1]
ucMaxSysCallPriority    0x20001a1c     0x1  Data  Lc  port.o [1]
ulMaxPRIGROUPValue      0x20001a24     0x4  Data  Lc  port.o [1]
ulPortSetInterruptMask  0x080044b5          Code  Gb  portasm.o [1]
uwTick                  0x20001fa4     0x4  Data  Lc  stm32f3xx_hal.o [1]
uxCriticalNesting       0x20001a20     0x4  Data  Lc  port.o [1]
uxCurrentNumberOfTasks  0x20001830     0x4  Data  Lc  tasks.o [1]
uxListRemove            0x08004773    0x24  Code  Gb  list.o [1]
uxPendedTicks           0x20001844     0x4  Data  Lc  tasks.o [1]
uxSchedulerSuspended    0x20001840     0x4  Data  Lc  tasks.o [1]
uxTaskNumber            0x20001850     0x4  Data  Lc  tasks.o [1]
uxTasksDeleted          0x2000182c     0x4  Data  Lc  tasks.o [1]
uxTopReadyPriority      0x20001838     0x4  Data  Lc  tasks.o [1]
vListInitialise         0x080046e3    0x1a  Code  Gb  list.o [1]
vListInitialiseItem     0x080046fd     0x6  Code  Gb  list.o [1]
vListInsert             0x0800471b    0x58  Code  Gb  list.o [1]
vListInsertEnd          0x08004703    0x18  Code  Gb  list.o [1]
vPortClearInterruptMask
                        0x080044c3          Code  Gb  portasm.o [1]
vPortEnableVFP          0x080044ef          Code  Gb  portasm.o [1]
vPortEnterCritical      0x080048ad    0x1c  Code  Gb  port.o [1]
vPortExitCritical       0x080048c9    0x12  Code  Gb  port.o [1]
vPortFree               0x080045f7    0x48  Code  Gb  heap_4.o [1]
vPortSetupTimerInterrupt
                        0x080048fd    0x18  Code  Wk  port.o [1]
vPortStartFirstTask     0x080044e1          Code  Gb  portasm.o [1]
vPortValidateInterruptPriority
                        0x08004919    0x36  Code  Gb  port.o [1]
vPortYield              0x0800489b    0x12  Code  Gb  port.o [1]
vTaskDelay              0x08003939    0x62  Code  Gb  tasks.o [1]
vTaskDelayUntil         0x080038ad    0x8c  Code  Gb  tasks.o [1]
vTaskMissedYield        0x08003ec7     0xa  Code  Gb  tasks.o [1]
vTaskPlaceOnEventList   0x08003d69    0x76  Code  Gb  tasks.o [1]
vTaskPriorityDisinherit
                        0x08003fbf    0x44  Code  Gb  tasks.o [1]
vTaskPriorityInherit    0x08003f57    0x68  Code  Gb  tasks.o [1]
vTaskSetTimeOutState    0x08003e43    0x1e  Code  Gb  tasks.o [1]
vTaskStartScheduler     0x0800399b   0x188  Code  Gb  tasks.o [1]
vTaskSuspendAll         0x08003b23    0x10  Code  Gb  tasks.o [1]
vTaskSwitchContext      0x08003cfd    0x6c  Code  Gb  tasks.o [1]
xBlockAllocatedBit      0x20000010     0x4  Data  Lc  heap_4.o [1]
xDelayedTaskList1       0x20001858    0x14  Data  Lc  tasks.o [1]
xDelayedTaskList2       0x2000186c    0x14  Data  Lc  tasks.o [1]
xFreeBytesRemaining     0x2000000c     0x4  Data  Lc  heap_4.o [1]
xNextTaskUnblockTime    0x20001854     0x4  Data  Lc  tasks.o [1]
xNumOfOverflows         0x2000184c     0x4  Data  Lc  tasks.o [1]
xPendingReadyList       0x20001014    0x14  Data  Lc  tasks.o [1]
xPortStartScheduler     0x080047d9    0xc2  Code  Gb  port.o [1]
xPortSysTickHandler     0x080048db    0x22  Code  Gb  port.o [1]
xQueueGenericCreate     0x0800496d    0x80  Code  Gb  queue.o [1]
xQueueGenericReceive    0x08004c35   0x1d6  Code  Gb  queue.o [1]
xQueueGenericSend       0x080049ed   0x1ba  Code  Gb  queue.o [1]
xQueueGenericSendFromISR
                        0x08004ba7    0x8c  Code  Gb  queue.o [1]
xQueueReceiveFromISR    0x08004e0b    0x76  Code  Gb  queue.o [1]
xSchedulerRunning       0x2000183c     0x4  Data  Lc  tasks.o [1]
xStart                  0x20000000     0x8  Data  Lc  heap_4.o [1]
xSuspendedTaskList      0x2000103c    0x14  Data  Lc  tasks.o [1]
xTaskCheckForTimeOut    0x08003e65    0x62  Code  Gb  tasks.o [1]
xTaskGenericCreate      0x080036fd   0x1b0  Code  Gb  tasks.o [1]
xTaskGetCurrentTaskHandle
                        0x08003f37     0x6  Code  Gb  tasks.o [1]
xTaskGetSchedulerState  0x08003f3d    0x1a  Code  Gb  tasks.o [1]
xTaskGetTickCount       0x08003bed    0x16  Code  Gb  tasks.o [1]
xTaskIncrementTick      0x08003c03    0xfa  Code  Gb  tasks.o [1]
xTaskRemoveFromEventList
                        0x08003ddf    0x64  Code  Gb  tasks.o [1]
xTaskResumeAll          0x08003b35    0xb8  Code  Gb  tasks.o [1]
xTasksWaitingTermination
                        0x20001028    0x14  Data  Lc  tasks.o [1]
xTickCount              0x20001834     0x4  Data  Lc  tasks.o [1]
xYieldPending           0x20001848     0x4  Data  Lc  tasks.o [1]
yaw                     0x20001f40     0x4  Data  Lc  pwmIn.o [1]


[1] = C:\Users\Simojjen\Documents\KTH\Quadkopter_master_v1.0\Quadcopter\QuadroHT15_v2-1\EWARM\QuadroHT15_v2-1_Configuration\Obj
[2] = command line
[3] = dl7M_tln.a
[4] = m7M_tls.a
[5] = rt7M_tl.a
[6] = shb_l.a

  29 230 bytes of readonly  code memory
     300 bytes of readonly  data memory
   9 130 bytes of readwrite data memory

Errors: none
Warnings: none
